<?xml version="1.0"?>
<link_info>
   <banner>TMS320C2000 Linker PC v15.12.3.LTS</banner>
   <copyright>Copyright (c) 1996-2015 Texas Instruments Incorporated</copyright>
   <link_time>0x5a6073cb</link_time>
   <link_errors>0x0</link_errors>
   <output_file>Example_F2802xLaunchPad_demo.out</output_file>
   <entry_point>
      <name>code_start</name>
      <address>0x3f7ff6</address>
   </entry_point>
   <input_file_list>
      <input_file id="fl-2">
         <path>.\</path>
         <kind>object</kind>
         <file>Example_F2802xLaunchPadDemo.obj</file>
         <name>Example_F2802xLaunchPadDemo.obj</name>
      </input_file>
      <input_file id="fl-a">
         <path>E:\ti\controlSUITE\development_kits\C2000_LaunchPad\f2802x_common\lib\</path>
         <kind>archive</kind>
         <file>driverlib.lib</file>
         <name>wdog.obj</name>
      </input_file>
      <input_file id="fl-b">
         <path>E:\ti\controlSUITE\development_kits\C2000_LaunchPad\f2802x_common\lib\</path>
         <kind>archive</kind>
         <file>driverlib.lib</file>
         <name>sci_io.obj</name>
      </input_file>
      <input_file id="fl-c">
         <path>E:\ti\controlSUITE\development_kits\C2000_LaunchPad\f2802x_common\lib\</path>
         <kind>archive</kind>
         <file>driverlib.lib</file>
         <name>sci.obj</name>
      </input_file>
      <input_file id="fl-d">
         <path>E:\ti\controlSUITE\development_kits\C2000_LaunchPad\f2802x_common\lib\</path>
         <kind>archive</kind>
         <file>driverlib.lib</file>
         <name>pll.obj</name>
      </input_file>
      <input_file id="fl-e">
         <path>E:\ti\controlSUITE\development_kits\C2000_LaunchPad\f2802x_common\lib\</path>
         <kind>archive</kind>
         <file>driverlib.lib</file>
         <name>pie.obj</name>
      </input_file>
      <input_file id="fl-f">
         <path>E:\ti\controlSUITE\development_kits\C2000_LaunchPad\f2802x_common\lib\</path>
         <kind>archive</kind>
         <file>driverlib.lib</file>
         <name>gpio.obj</name>
      </input_file>
      <input_file id="fl-10">
         <path>E:\ti\controlSUITE\development_kits\C2000_LaunchPad\f2802x_common\lib\</path>
         <kind>archive</kind>
         <file>driverlib.lib</file>
         <name>flash.obj</name>
      </input_file>
      <input_file id="fl-11">
         <path>E:\ti\controlSUITE\development_kits\C2000_LaunchPad\f2802x_common\lib\</path>
         <kind>archive</kind>
         <file>driverlib.lib</file>
         <name>cpu.obj</name>
      </input_file>
      <input_file id="fl-12">
         <path>E:\ti\controlSUITE\development_kits\C2000_LaunchPad\f2802x_common\lib\</path>
         <kind>archive</kind>
         <file>driverlib.lib</file>
         <name>clk.obj</name>
      </input_file>
      <input_file id="fl-13">
         <path>E:\ti\controlSUITE\development_kits\C2000_LaunchPad\f2802x_common\lib\</path>
         <kind>archive</kind>
         <file>driverlib.lib</file>
         <name>adc.obj</name>
      </input_file>
      <input_file id="fl-14">
         <path>E:\ti\controlSUITE\development_kits\C2000_LaunchPad\f2802x_common\lib\</path>
         <kind>archive</kind>
         <file>driverlib.lib</file>
         <name>F2802x_asmfuncs.obj</name>
      </input_file>
      <input_file id="fl-15">
         <path>E:\ti\controlSUITE\development_kits\C2000_LaunchPad\f2802x_common\lib\</path>
         <kind>archive</kind>
         <file>driverlib.lib</file>
         <name>F2802x_DefaultIsr.obj</name>
      </input_file>
      <input_file id="fl-16">
         <path>E:\ti\ccsv6\tools\compiler\c2000_15.12.3.LTS\lib\</path>
         <kind>archive</kind>
         <file>rts2800_ml.lib</file>
         <name>boot.obj</name>
      </input_file>
      <input_file id="fl-17">
         <path>E:\ti\ccsv6\tools\compiler\c2000_15.12.3.LTS\lib\</path>
         <kind>archive</kind>
         <file>rts2800_ml.lib</file>
         <name>cpy_tbl.obj</name>
      </input_file>
      <input_file id="fl-18">
         <path>E:\ti\ccsv6\tools\compiler\c2000_15.12.3.LTS\lib\</path>
         <kind>archive</kind>
         <file>rts2800_ml.lib</file>
         <name>cpy_utils.obj</name>
      </input_file>
      <input_file id="fl-19">
         <path>E:\ti\ccsv6\tools\compiler\c2000_15.12.3.LTS\lib\</path>
         <kind>archive</kind>
         <file>rts2800_ml.lib</file>
         <name>defs.obj</name>
      </input_file>
      <input_file id="fl-1a">
         <path>E:\ti\ccsv6\tools\compiler\c2000_15.12.3.LTS\lib\</path>
         <kind>archive</kind>
         <file>rts2800_ml.lib</file>
         <name>exit.obj</name>
      </input_file>
      <input_file id="fl-1b">
         <path>E:\ti\ccsv6\tools\compiler\c2000_15.12.3.LTS\lib\</path>
         <kind>archive</kind>
         <file>rts2800_ml.lib</file>
         <name>fopen.obj</name>
      </input_file>
      <input_file id="fl-1c">
         <path>E:\ti\ccsv6\tools\compiler\c2000_15.12.3.LTS\lib\</path>
         <kind>archive</kind>
         <file>rts2800_ml.lib</file>
         <name>fputc.obj</name>
      </input_file>
      <input_file id="fl-1d">
         <path>E:\ti\ccsv6\tools\compiler\c2000_15.12.3.LTS\lib\</path>
         <kind>archive</kind>
         <file>rts2800_ml.lib</file>
         <name>lowlev.obj</name>
      </input_file>
      <input_file id="fl-1e">
         <path>E:\ti\ccsv6\tools\compiler\c2000_15.12.3.LTS\lib\</path>
         <kind>archive</kind>
         <file>rts2800_ml.lib</file>
         <name>memcpy.obj</name>
      </input_file>
      <input_file id="fl-1f">
         <path>E:\ti\ccsv6\tools\compiler\c2000_15.12.3.LTS\lib\</path>
         <kind>archive</kind>
         <file>rts2800_ml.lib</file>
         <name>pre_init.obj</name>
      </input_file>
      <input_file id="fl-20">
         <path>E:\ti\ccsv6\tools\compiler\c2000_15.12.3.LTS\lib\</path>
         <kind>archive</kind>
         <file>rts2800_ml.lib</file>
         <name>printf.obj</name>
      </input_file>
      <input_file id="fl-21">
         <path>E:\ti\ccsv6\tools\compiler\c2000_15.12.3.LTS\lib\</path>
         <kind>archive</kind>
         <file>rts2800_ml.lib</file>
         <name>setvbuf.obj</name>
      </input_file>
      <input_file id="fl-22">
         <path>E:\ti\ccsv6\tools\compiler\c2000_15.12.3.LTS\lib\</path>
         <kind>archive</kind>
         <file>rts2800_ml.lib</file>
         <name>startup.obj</name>
      </input_file>
      <input_file id="fl-23">
         <path>E:\ti\ccsv6\tools\compiler\c2000_15.12.3.LTS\lib\</path>
         <kind>archive</kind>
         <file>rts2800_ml.lib</file>
         <name>strchr.obj</name>
      </input_file>
      <input_file id="fl-24">
         <path>E:\ti\ccsv6\tools\compiler\c2000_15.12.3.LTS\lib\</path>
         <kind>archive</kind>
         <file>rts2800_ml.lib</file>
         <name>strcmp.obj</name>
      </input_file>
      <input_file id="fl-25">
         <path>E:\ti\ccsv6\tools\compiler\c2000_15.12.3.LTS\lib\</path>
         <kind>archive</kind>
         <file>rts2800_ml.lib</file>
         <name>strncpy.obj</name>
      </input_file>
      <input_file id="fl-26">
         <path>E:\ti\ccsv6\tools\compiler\c2000_15.12.3.LTS\lib\</path>
         <kind>archive</kind>
         <file>rts2800_ml.lib</file>
         <name>trgdrv.obj</name>
      </input_file>
      <input_file id="fl-27">
         <path>E:\ti\ccsv6\tools\compiler\c2000_15.12.3.LTS\lib\</path>
         <kind>archive</kind>
         <file>rts2800_ml.lib</file>
         <name>trgmsg.obj</name>
      </input_file>
      <input_file id="fl-28">
         <path>E:\ti\ccsv6\tools\compiler\c2000_15.12.3.LTS\lib\</path>
         <kind>archive</kind>
         <file>rts2800_ml.lib</file>
         <name>_io_perm.obj</name>
      </input_file>
      <input_file id="fl-29">
         <path>E:\ti\ccsv6\tools\compiler\c2000_15.12.3.LTS\lib\</path>
         <kind>archive</kind>
         <file>rts2800_ml.lib</file>
         <name>_lock.obj</name>
      </input_file>
      <input_file id="fl-2a">
         <path>E:\ti\ccsv6\tools\compiler\c2000_15.12.3.LTS\lib\</path>
         <kind>archive</kind>
         <file>rts2800_ml.lib</file>
         <name>_printfi.obj</name>
      </input_file>
      <input_file id="fl-2b">
         <path>E:\ti\ccsv6\tools\compiler\c2000_15.12.3.LTS\lib\</path>
         <kind>archive</kind>
         <file>rts2800_ml.lib</file>
         <name>args_main.obj</name>
      </input_file>
      <input_file id="fl-2c">
         <path>E:\ti\ccsv6\tools\compiler\c2000_15.12.3.LTS\lib\</path>
         <kind>archive</kind>
         <file>rts2800_ml.lib</file>
         <name>atoi.obj</name>
      </input_file>
      <input_file id="fl-2d">
         <path>E:\ti\ccsv6\tools\compiler\c2000_15.12.3.LTS\lib\</path>
         <kind>archive</kind>
         <file>rts2800_ml.lib</file>
         <name>ctype.obj</name>
      </input_file>
      <input_file id="fl-2e">
         <path>E:\ti\ccsv6\tools\compiler\c2000_15.12.3.LTS\lib\</path>
         <kind>archive</kind>
         <file>rts2800_ml.lib</file>
         <name>fclose.obj</name>
      </input_file>
      <input_file id="fl-2f">
         <path>E:\ti\ccsv6\tools\compiler\c2000_15.12.3.LTS\lib\</path>
         <kind>archive</kind>
         <file>rts2800_ml.lib</file>
         <name>fd_cmp.obj</name>
      </input_file>
      <input_file id="fl-30">
         <path>E:\ti\ccsv6\tools\compiler\c2000_15.12.3.LTS\lib\</path>
         <kind>archive</kind>
         <file>rts2800_ml.lib</file>
         <name>fd_div.obj</name>
      </input_file>
      <input_file id="fl-31">
         <path>E:\ti\ccsv6\tools\compiler\c2000_15.12.3.LTS\lib\</path>
         <kind>archive</kind>
         <file>rts2800_ml.lib</file>
         <name>fd_mpy.obj</name>
      </input_file>
      <input_file id="fl-32">
         <path>E:\ti\ccsv6\tools\compiler\c2000_15.12.3.LTS\lib\</path>
         <kind>archive</kind>
         <file>rts2800_ml.lib</file>
         <name>fd_neg.obj</name>
      </input_file>
      <input_file id="fl-33">
         <path>E:\ti\ccsv6\tools\compiler\c2000_15.12.3.LTS\lib\</path>
         <kind>archive</kind>
         <file>rts2800_ml.lib</file>
         <name>fd_sub.obj</name>
      </input_file>
      <input_file id="fl-34">
         <path>E:\ti\ccsv6\tools\compiler\c2000_15.12.3.LTS\lib\</path>
         <kind>archive</kind>
         <file>rts2800_ml.lib</file>
         <name>fd_toi.obj</name>
      </input_file>
      <input_file id="fl-35">
         <path>E:\ti\ccsv6\tools\compiler\c2000_15.12.3.LTS\lib\</path>
         <kind>archive</kind>
         <file>rts2800_ml.lib</file>
         <name>fd_tol.obj</name>
      </input_file>
      <input_file id="fl-36">
         <path>E:\ti\ccsv6\tools\compiler\c2000_15.12.3.LTS\lib\</path>
         <kind>archive</kind>
         <file>rts2800_ml.lib</file>
         <name>fflush.obj</name>
      </input_file>
      <input_file id="fl-37">
         <path>E:\ti\ccsv6\tools\compiler\c2000_15.12.3.LTS\lib\</path>
         <kind>archive</kind>
         <file>rts2800_ml.lib</file>
         <name>fputs.obj</name>
      </input_file>
      <input_file id="fl-38">
         <path>E:\ti\ccsv6\tools\compiler\c2000_15.12.3.LTS\lib\</path>
         <kind>archive</kind>
         <file>rts2800_ml.lib</file>
         <name>fs_tofd.obj</name>
      </input_file>
      <input_file id="fl-39">
         <path>E:\ti\ccsv6\tools\compiler\c2000_15.12.3.LTS\lib\</path>
         <kind>archive</kind>
         <file>rts2800_ml.lib</file>
         <name>fseek.obj</name>
      </input_file>
      <input_file id="fl-3a">
         <path>E:\ti\ccsv6\tools\compiler\c2000_15.12.3.LTS\lib\</path>
         <kind>archive</kind>
         <file>rts2800_ml.lib</file>
         <name>i_tofd.obj</name>
      </input_file>
      <input_file id="fl-3b">
         <path>E:\ti\ccsv6\tools\compiler\c2000_15.12.3.LTS\lib\</path>
         <kind>archive</kind>
         <file>rts2800_ml.lib</file>
         <name>l_tofd.obj</name>
      </input_file>
      <input_file id="fl-3c">
         <path>E:\ti\ccsv6\tools\compiler\c2000_15.12.3.LTS\lib\</path>
         <kind>archive</kind>
         <file>rts2800_ml.lib</file>
         <name>ll_aox.obj</name>
      </input_file>
      <input_file id="fl-3d">
         <path>E:\ti\ccsv6\tools\compiler\c2000_15.12.3.LTS\lib\</path>
         <kind>archive</kind>
         <file>rts2800_ml.lib</file>
         <name>ll_cmp.obj</name>
      </input_file>
      <input_file id="fl-3e">
         <path>E:\ti\ccsv6\tools\compiler\c2000_15.12.3.LTS\lib\</path>
         <kind>archive</kind>
         <file>rts2800_ml.lib</file>
         <name>ll_div.obj</name>
      </input_file>
      <input_file id="fl-3f">
         <path>E:\ti\ccsv6\tools\compiler\c2000_15.12.3.LTS\lib\</path>
         <kind>archive</kind>
         <file>rts2800_ml.lib</file>
         <name>ltoa.obj</name>
      </input_file>
      <input_file id="fl-40">
         <path>E:\ti\ccsv6\tools\compiler\c2000_15.12.3.LTS\lib\</path>
         <kind>archive</kind>
         <file>rts2800_ml.lib</file>
         <name>memccpy.obj</name>
      </input_file>
      <input_file id="fl-41">
         <path>E:\ti\ccsv6\tools\compiler\c2000_15.12.3.LTS\lib\</path>
         <kind>archive</kind>
         <file>rts2800_ml.lib</file>
         <name>memchr.obj</name>
      </input_file>
      <input_file id="fl-42">
         <path>E:\ti\ccsv6\tools\compiler\c2000_15.12.3.LTS\lib\</path>
         <kind>archive</kind>
         <file>rts2800_ml.lib</file>
         <name>memory.obj</name>
      </input_file>
      <input_file id="fl-43">
         <path>E:\ti\ccsv6\tools\compiler\c2000_15.12.3.LTS\lib\</path>
         <kind>archive</kind>
         <file>rts2800_ml.lib</file>
         <name>memset.obj</name>
      </input_file>
      <input_file id="fl-44">
         <path>E:\ti\ccsv6\tools\compiler\c2000_15.12.3.LTS\lib\</path>
         <kind>archive</kind>
         <file>rts2800_ml.lib</file>
         <name>remove.obj</name>
      </input_file>
      <input_file id="fl-45">
         <path>E:\ti\ccsv6\tools\compiler\c2000_15.12.3.LTS\lib\</path>
         <kind>archive</kind>
         <file>rts2800_ml.lib</file>
         <name>s_frexp.obj</name>
      </input_file>
      <input_file id="fl-46">
         <path>E:\ti\ccsv6\tools\compiler\c2000_15.12.3.LTS\lib\</path>
         <kind>archive</kind>
         <file>rts2800_ml.lib</file>
         <name>s_scalbn.obj</name>
      </input_file>
      <input_file id="fl-47">
         <path>E:\ti\ccsv6\tools\compiler\c2000_15.12.3.LTS\lib\</path>
         <kind>archive</kind>
         <file>rts2800_ml.lib</file>
         <name>strcpy.obj</name>
      </input_file>
      <input_file id="fl-48">
         <path>E:\ti\ccsv6\tools\compiler\c2000_15.12.3.LTS\lib\</path>
         <kind>archive</kind>
         <file>rts2800_ml.lib</file>
         <name>strlen.obj</name>
      </input_file>
      <input_file id="fl-49">
         <path>E:\ti\ccsv6\tools\compiler\c2000_15.12.3.LTS\lib\</path>
         <kind>archive</kind>
         <file>rts2800_ml.lib</file>
         <name>errno.obj</name>
      </input_file>
      <input_file id="fl-4a">
         <path>E:\ti\ccsv6\tools\compiler\c2000_15.12.3.LTS\lib\</path>
         <kind>archive</kind>
         <file>rts2800_ml.lib</file>
         <name>fd_add.obj</name>
      </input_file>
      <input_file id="fl-4b">
         <path>E:\ti\ccsv6\tools\compiler\c2000_15.12.3.LTS\lib\</path>
         <kind>archive</kind>
         <file>rts2800_ml.lib</file>
         <name>l_div.obj</name>
      </input_file>
      <input_file id="fl-4c">
         <path>E:\ti\ccsv6\tools\compiler\c2000_15.12.3.LTS\lib\</path>
         <kind>archive</kind>
         <file>rts2800_ml.lib</file>
         <name>s_copysign.obj</name>
      </input_file>
   </input_file_list>
   <object_component_list>
      <object_component id="oc-a0">
         <name>.cinit</name>
         <load_address>0x3f36df</load_address>
         <run_address>0x3f36df</run_address>
         <size>0x31</size>
         <input_file_ref idref="fl-1d"/>
      </object_component>
      <object_component id="oc-89">
         <name>.cinit</name>
         <load_address>0x3f3710</load_address>
         <run_address>0x3f3710</run_address>
         <size>0x2a</size>
         <input_file_ref idref="fl-19"/>
      </object_component>
      <object_component id="oc-8d">
         <name>.cinit</name>
         <load_address>0x3f373a</load_address>
         <run_address>0x3f373a</run_address>
         <size>0xe</size>
         <input_file_ref idref="fl-1a"/>
      </object_component>
      <object_component id="oc-3a">
         <name>.cinit</name>
         <load_address>0x3f3748</load_address>
         <run_address>0x3f3748</run_address>
         <size>0x8</size>
         <input_file_ref idref="fl-2"/>
      </object_component>
      <object_component id="oc-19f">
         <name>.cinit:__lock</name>
         <load_address>0x3f3750</load_address>
         <run_address>0x3f3750</run_address>
         <size>0x5</size>
         <input_file_ref idref="fl-29"/>
      </object_component>
      <object_component id="oc-1a2">
         <name>.cinit:__unlock</name>
         <load_address>0x3f3755</load_address>
         <run_address>0x3f3755</run_address>
         <size>0x5</size>
         <input_file_ref idref="fl-29"/>
      </object_component>
      <object_component id="oc-46">
         <name>.cinit</name>
         <load_address>0x3f375a</load_address>
         <run_address>0x3f375a</run_address>
         <size>0x4</size>
         <input_file_ref idref="fl-b"/>
      </object_component>
      <object_component id="oc-185">
         <name>.cinit</name>
         <load_address>0x3f375e</load_address>
         <run_address>0x3f375e</run_address>
         <size>0x4</size>
         <input_file_ref idref="fl-49"/>
      </object_component>
      <object_component id="oc-94">
         <name>.cinit</name>
         <load_address>0x3f3762</load_address>
         <run_address>0x3f3762</run_address>
         <size>0x4</size>
         <input_file_ref idref="fl-1b"/>
      </object_component>
      <object_component id="oc-15d">
         <name>.cinit</name>
         <load_address>0x3f3766</load_address>
         <run_address>0x3f3766</run_address>
         <size>0x4</size>
         <input_file_ref idref="fl-42"/>
      </object_component>
      <object_component id="oc-19c">
         <name>.text</name>
         <load_address>0x3f2000</load_address>
         <run_address>0x3f2000</run_address>
         <size>0x264</size>
         <input_file_ref idref="fl-26"/>
      </object_component>
      <object_component id="oc-1d1">
         <name>.text</name>
         <load_address>0x3f2264</load_address>
         <run_address>0x3f2264</run_address>
         <size>0x202</size>
         <input_file_ref idref="fl-1d"/>
      </object_component>
      <object_component id="oc-1fd">
         <name>.text</name>
         <load_address>0x3f2466</load_address>
         <run_address>0x3f2466</run_address>
         <size>0x1cd</size>
         <input_file_ref idref="fl-42"/>
      </object_component>
      <object_component id="oc-148">
         <name>.text</name>
         <load_address>0x3f2633</load_address>
         <run_address>0x3f2633</run_address>
         <size>0x107</size>
         <input_file_ref idref="fl-3e"/>
      </object_component>
      <object_component id="oc-1d2">
         <name>.text</name>
         <load_address>0x3f273a</load_address>
         <run_address>0x3f273a</run_address>
         <size>0xf9</size>
         <input_file_ref idref="fl-1b"/>
      </object_component>
      <object_component id="oc-23e">
         <name>.text</name>
         <load_address>0x3f2833</load_address>
         <run_address>0x3f2833</run_address>
         <size>0xbd</size>
         <input_file_ref idref="fl-46"/>
      </object_component>
      <object_component id="oc-188">
         <name>.text</name>
         <load_address>0x3f28f0</load_address>
         <run_address>0x3f28f0</run_address>
         <size>0x9c</size>
         <input_file_ref idref="fl-4a"/>
      </object_component>
      <object_component id="oc-1a0">
         <name>.text</name>
         <load_address>0x3f298c</load_address>
         <run_address>0x3f298c</run_address>
         <size>0x94</size>
         <input_file_ref idref="fl-27"/>
      </object_component>
      <object_component id="oc-101">
         <name>.text</name>
         <load_address>0x3f2a20</load_address>
         <run_address>0x3f2a20</run_address>
         <size>0x8b</size>
         <input_file_ref idref="fl-30"/>
      </object_component>
      <object_component id="oc-106">
         <name>.text</name>
         <load_address>0x3f2aab</load_address>
         <run_address>0x3f2aab</run_address>
         <size>0x83</size>
         <input_file_ref idref="fl-31"/>
      </object_component>
      <object_component id="oc-1d3">
         <name>.text</name>
         <load_address>0x3f2b2e</load_address>
         <run_address>0x3f2b2e</run_address>
         <size>0x79</size>
         <input_file_ref idref="fl-21"/>
      </object_component>
      <object_component id="oc-1d4">
         <name>.text:_drawTILogo</name>
         <load_address>0x3f2ba7</load_address>
         <run_address>0x3f2ba7</run_address>
         <size>0x6f</size>
         <input_file_ref idref="fl-2"/>
      </object_component>
      <object_component id="oc-234">
         <name>.text</name>
         <load_address>0x3f2c16</load_address>
         <run_address>0x3f2c16</run_address>
         <size>0x6b</size>
         <input_file_ref idref="fl-36"/>
      </object_component>
      <object_component id="oc-236">
         <name>.text</name>
         <load_address>0x3f2c81</load_address>
         <run_address>0x3f2c81</run_address>
         <size>0x67</size>
         <input_file_ref idref="fl-28"/>
      </object_component>
      <object_component id="oc-1bb">
         <name>.text:_scia_init</name>
         <load_address>0x3f2ce8</load_address>
         <run_address>0x3f2ce8</run_address>
         <size>0x66</size>
         <input_file_ref idref="fl-2"/>
      </object_component>
      <object_component id="oc-1d8">
         <name>.text:_clearTextBox</name>
         <load_address>0x3f2d4e</load_address>
         <run_address>0x3f2d4e</run_address>
         <size>0x63</size>
         <input_file_ref idref="fl-2"/>
      </object_component>
      <object_component id="oc-23d">
         <name>.text</name>
         <load_address>0x3f2db1</load_address>
         <run_address>0x3f2db1</run_address>
         <size>0x5c</size>
         <input_file_ref idref="fl-45"/>
      </object_component>
      <object_component id="oc-1fc">
         <name>.text</name>
         <load_address>0x3f2e0d</load_address>
         <run_address>0x3f2e0d</run_address>
         <size>0x5b</size>
         <input_file_ref idref="fl-2e"/>
      </object_component>
      <object_component id="oc-77">
         <name>.text</name>
         <load_address>0x3f2e68</load_address>
         <run_address>0x3f2e68</run_address>
         <size>0x54</size>
         <input_file_ref idref="fl-16"/>
      </object_component>
      <object_component id="oc-1fe">
         <name>.text</name>
         <load_address>0x3f2ebc</load_address>
         <run_address>0x3f2ebc</run_address>
         <size>0x4f</size>
         <input_file_ref idref="fl-1c"/>
      </object_component>
      <object_component id="oc-1b7">
         <name>.text:_GPIO_setMode</name>
         <load_address>0x3f2f0b</load_address>
         <run_address>0x3f2f0b</run_address>
         <size>0x49</size>
         <input_file_ref idref="fl-f"/>
      </object_component>
      <object_component id="oc-198">
         <name>.text</name>
         <load_address>0x3f2f54</load_address>
         <run_address>0x3f2f54</run_address>
         <size>0x46</size>
         <input_file_ref idref="fl-17"/>
      </object_component>
      <object_component id="oc-239">
         <name>.text</name>
         <load_address>0x3f2f9a</load_address>
         <run_address>0x3f2f9a</run_address>
         <size>0x3d</size>
         <input_file_ref idref="fl-39"/>
      </object_component>
      <object_component id="oc-1c9">
         <name>.text:_GPIO_setDirection</name>
         <load_address>0x3f2fd7</load_address>
         <run_address>0x3f2fd7</run_address>
         <size>0x34</size>
         <input_file_ref idref="fl-f"/>
      </object_component>
      <object_component id="oc-1c7">
         <name>.text:_GPIO_setPullUp</name>
         <load_address>0x3f300b</load_address>
         <run_address>0x3f300b</run_address>
         <size>0x34</size>
         <input_file_ref idref="fl-f"/>
      </object_component>
      <object_component id="oc-203">
         <name>.text</name>
         <load_address>0x3f303f</load_address>
         <run_address>0x3f303f</run_address>
         <size>0x34</size>
         <input_file_ref idref="fl-20"/>
      </object_component>
      <object_component id="oc-23b">
         <name>.text</name>
         <load_address>0x3f3073</load_address>
         <run_address>0x3f3073</run_address>
         <size>0x31</size>
         <input_file_ref idref="fl-2c"/>
      </object_component>
      <object_component id="oc-23c">
         <name>.text</name>
         <load_address>0x3f30a4</load_address>
         <run_address>0x3f30a4</run_address>
         <size>0x2e</size>
         <input_file_ref idref="fl-3f"/>
      </object_component>
      <object_component id="oc-1c8">
         <name>.text:_GPIO_setQualification</name>
         <load_address>0x3f30d2</load_address>
         <run_address>0x3f30d2</run_address>
         <size>0x2b</size>
         <input_file_ref idref="fl-f"/>
      </object_component>
      <object_component id="oc-fc">
         <name>.text</name>
         <load_address>0x3f30fd</load_address>
         <run_address>0x3f30fd</run_address>
         <size>0x2a</size>
         <input_file_ref idref="fl-2f"/>
      </object_component>
      <object_component id="oc-18d">
         <name>.text</name>
         <load_address>0x3f3127</load_address>
         <run_address>0x3f3127</run_address>
         <size>0x2a</size>
         <input_file_ref idref="fl-4b"/>
      </object_component>
      <object_component id="oc-19b">
         <name>.text</name>
         <load_address>0x3f3151</load_address>
         <run_address>0x3f3151</run_address>
         <size>0x29</size>
         <input_file_ref idref="fl-1a"/>
      </object_component>
      <object_component id="oc-1c4">
         <name>.text:_ADC_setIntSrc</name>
         <load_address>0x3f317a</load_address>
         <run_address>0x3f317a</run_address>
         <size>0x24</size>
         <input_file_ref idref="fl-13"/>
      </object_component>
      <object_component id="oc-1fb">
         <name>.text</name>
         <load_address>0x3f319e</load_address>
         <run_address>0x3f319e</run_address>
         <size>0x22</size>
         <input_file_ref idref="fl-25"/>
      </object_component>
      <object_component id="oc-115">
         <name>.text</name>
         <load_address>0x3f31c0</load_address>
         <run_address>0x3f31c0</run_address>
         <size>0x21</size>
         <input_file_ref idref="fl-34"/>
      </object_component>
      <object_component id="oc-242">
         <name>.text</name>
         <load_address>0x3f31e1</load_address>
         <run_address>0x3f31e1</run_address>
         <size>0x20</size>
         <input_file_ref idref="fl-4c"/>
      </object_component>
      <object_component id="oc-11a">
         <name>.text</name>
         <load_address>0x3f3201</load_address>
         <run_address>0x3f3201</run_address>
         <size>0x1f</size>
         <input_file_ref idref="fl-35"/>
      </object_component>
      <object_component id="oc-143">
         <name>.text</name>
         <load_address>0x3f3220</load_address>
         <run_address>0x3f3220</run_address>
         <size>0x1e</size>
         <input_file_ref idref="fl-3d"/>
      </object_component>
      <object_component id="oc-1d9">
         <name>.text:_sampleTemperature</name>
         <load_address>0x3f323e</load_address>
         <run_address>0x3f323e</run_address>
         <size>0x1d</size>
         <input_file_ref idref="fl-2"/>
      </object_component>
      <object_component id="oc-134">
         <name>.text</name>
         <load_address>0x3f325b</load_address>
         <run_address>0x3f325b</run_address>
         <size>0x1d</size>
         <input_file_ref idref="fl-3a"/>
      </object_component>
      <object_component id="oc-1b6">
         <name>.text</name>
         <load_address>0x3f3278</load_address>
         <run_address>0x3f3278</run_address>
         <size>0x1d</size>
         <input_file_ref idref="fl-1e"/>
      </object_component>
      <object_component id="oc-1c2">
         <name>.text:_ADC_setSocChanNumber</name>
         <load_address>0x3f3295</load_address>
         <run_address>0x3f3295</run_address>
         <size>0x1c</size>
         <input_file_ref idref="fl-13"/>
      </object_component>
      <object_component id="oc-1c3">
         <name>.text:_ADC_setSocSampleWindow</name>
         <load_address>0x3f32b1</load_address>
         <run_address>0x3f32b1</run_address>
         <size>0x1c</size>
         <input_file_ref idref="fl-13"/>
      </object_component>
      <object_component id="oc-1cd">
         <name>.text:_SCI_write</name>
         <load_address>0x3f32cd</load_address>
         <run_address>0x3f32cd</run_address>
         <size>0x1c</size>
         <input_file_ref idref="fl-b"/>
      </object_component>
      <object_component id="oc-12a">
         <name>.text</name>
         <load_address>0x3f32e9</load_address>
         <run_address>0x3f32e9</run_address>
         <size>0x1c</size>
         <input_file_ref idref="fl-38"/>
      </object_component>
      <object_component id="oc-139">
         <name>.text</name>
         <load_address>0x3f3305</load_address>
         <run_address>0x3f3305</run_address>
         <size>0x1c</size>
         <input_file_ref idref="fl-3b"/>
      </object_component>
      <object_component id="oc-83">
         <name>.text</name>
         <load_address>0x3f3321</load_address>
         <run_address>0x3f3321</run_address>
         <size>0x1a</size>
         <input_file_ref idref="fl-18"/>
      </object_component>
      <object_component id="oc-19a">
         <name>.text</name>
         <load_address>0x3f333b</load_address>
         <run_address>0x3f333b</run_address>
         <size>0x19</size>
         <input_file_ref idref="fl-2b"/>
      </object_component>
      <object_component id="oc-1c5">
         <name>.text:_ADC_enableInt</name>
         <load_address>0x3f3354</load_address>
         <run_address>0x3f3354</run_address>
         <size>0x18</size>
         <input_file_ref idref="fl-13"/>
      </object_component>
      <object_component id="oc-13e">
         <name>.text</name>
         <load_address>0x3f336c</load_address>
         <run_address>0x3f336c</run_address>
         <size>0x18</size>
         <input_file_ref idref="fl-3c"/>
      </object_component>
      <object_component id="oc-1db">
         <name>.text:_updateTemperature</name>
         <load_address>0x3f3384</load_address>
         <run_address>0x3f3384</run_address>
         <size>0x17</size>
         <input_file_ref idref="fl-2"/>
      </object_component>
      <object_component id="oc-1b1">
         <name>.text:_PLL_setup</name>
         <load_address>0x3f339b</load_address>
         <run_address>0x3f339b</run_address>
         <size>0x15</size>
         <input_file_ref idref="fl-d"/>
      </object_component>
      <object_component id="oc-1d6">
         <name>.text:_GPIO_setLow</name>
         <load_address>0x3f33b0</load_address>
         <run_address>0x3f33b0</run_address>
         <size>0x13</size>
         <input_file_ref idref="fl-f"/>
      </object_component>
      <object_component id="oc-1cb">
         <name>.text:_SCI_open</name>
         <load_address>0x3f33c3</load_address>
         <run_address>0x3f33c3</run_address>
         <size>0x13</size>
         <input_file_ref idref="fl-b"/>
      </object_component>
      <object_component id="oc-1cc">
         <name>.text:_SCI_read</name>
         <load_address>0x3f33d6</load_address>
         <run_address>0x3f33d6</run_address>
         <size>0x13</size>
         <input_file_ref idref="fl-b"/>
      </object_component>
      <object_component id="oc-1c0">
         <name>.text:_ADC_setVoltRefSrc</name>
         <load_address>0x3f33e9</load_address>
         <run_address>0x3f33e9</run_address>
         <size>0x12</size>
         <input_file_ref idref="fl-13"/>
      </object_component>
      <object_component id="oc-6c">
         <name>.text</name>
         <load_address>0x3f33fb</load_address>
         <run_address>0x3f33fb</run_address>
         <size>0x12</size>
         <input_file_ref idref="fl-14"/>
      </object_component>
      <object_component id="oc-1d7">
         <name>.text:_GPIO_getData</name>
         <load_address>0x3f340d</load_address>
         <run_address>0x3f340d</run_address>
         <size>0x11</size>
         <input_file_ref idref="fl-f"/>
      </object_component>
      <object_component id="oc-1b9">
         <name>.text:_PIE_setDebugIntVectorTable</name>
         <load_address>0x3f341e</load_address>
         <run_address>0x3f341e</run_address>
         <size>0x11</size>
         <input_file_ref idref="fl-e"/>
      </object_component>
      <object_component id="oc-23a">
         <name>.text</name>
         <load_address>0x3f342f</load_address>
         <run_address>0x3f342f</run_address>
         <size>0x11</size>
         <input_file_ref idref="fl-41"/>
      </object_component>
      <object_component id="oc-1da">
         <name>.text:_GPIO_setPortData</name>
         <load_address>0x3f3440</load_address>
         <run_address>0x3f3440</run_address>
         <size>0xf</size>
         <input_file_ref idref="fl-f"/>
      </object_component>
      <object_component id="oc-1b3">
         <name>.text:_PIE_disableAllInts</name>
         <load_address>0x3f344f</load_address>
         <run_address>0x3f344f</run_address>
         <size>0xf</size>
         <input_file_ref idref="fl-e"/>
      </object_component>
      <object_component id="oc-110">
         <name>.text</name>
         <load_address>0x3f345e</load_address>
         <run_address>0x3f345e</run_address>
         <size>0xe</size>
         <input_file_ref idref="fl-33"/>
      </object_component>
      <object_component id="oc-240">
         <name>.text</name>
         <load_address>0x3f346c</load_address>
         <run_address>0x3f346c</run_address>
         <size>0xd</size>
         <input_file_ref idref="fl-40"/>
      </object_component>
      <object_component id="oc-1ca">
         <name>.text:_SCI_close</name>
         <load_address>0x3f3479</load_address>
         <run_address>0x3f3479</run_address>
         <size>0xc</size>
         <input_file_ref idref="fl-b"/>
      </object_component>
      <object_component id="oc-23f">
         <name>.text</name>
         <load_address>0x3f3485</load_address>
         <run_address>0x3f3485</run_address>
         <size>0xc</size>
         <input_file_ref idref="fl-43"/>
      </object_component>
      <object_component id="oc-1bf">
         <name>.text:_ADC_enable</name>
         <load_address>0x3f3491</load_address>
         <run_address>0x3f3491</run_address>
         <size>0xb</size>
         <input_file_ref idref="fl-13"/>
      </object_component>
      <object_component id="oc-1bc">
         <name>.text:_ADC_enableBandGap</name>
         <load_address>0x3f349c</load_address>
         <run_address>0x3f349c</run_address>
         <size>0xb</size>
         <input_file_ref idref="fl-13"/>
      </object_component>
      <object_component id="oc-1bd">
         <name>.text:_ADC_enableRefBuffers</name>
         <load_address>0x3f34a7</load_address>
         <run_address>0x3f34a7</run_address>
         <size>0xb</size>
         <input_file_ref idref="fl-13"/>
      </object_component>
      <object_component id="oc-1c1">
         <name>.text:_ADC_enableTempSensor</name>
         <load_address>0x3f34b2</load_address>
         <run_address>0x3f34b2</run_address>
         <size>0xb</size>
         <input_file_ref idref="fl-13"/>
      </object_component>
      <object_component id="oc-1be">
         <name>.text:_ADC_powerUp</name>
         <load_address>0x3f34bd</load_address>
         <run_address>0x3f34bd</run_address>
         <size>0xb</size>
         <input_file_ref idref="fl-13"/>
      </object_component>
      <object_component id="oc-1fa">
         <name>.text</name>
         <load_address>0x3f34c8</load_address>
         <run_address>0x3f34c8</run_address>
         <size>0xb</size>
         <input_file_ref idref="fl-23"/>
      </object_component>
      <object_component id="oc-1ee">
         <name>.text:_SCI_resetChannels</name>
         <load_address>0x3f34d3</load_address>
         <run_address>0x3f34d3</run_address>
         <size>0xa</size>
         <input_file_ref idref="fl-c"/>
      </object_component>
      <object_component id="oc-1f0">
         <name>.text:_SCI_resetRxFifo</name>
         <load_address>0x3f34dd</load_address>
         <run_address>0x3f34dd</run_address>
         <size>0xa</size>
         <input_file_ref idref="fl-c"/>
      </object_component>
      <object_component id="oc-1ec">
         <name>.text:_SCI_resetTxFifo</name>
         <load_address>0x3f34e7</load_address>
         <run_address>0x3f34e7</run_address>
         <size>0xa</size>
         <input_file_ref idref="fl-c"/>
      </object_component>
      <object_component id="oc-1f9">
         <name>.text</name>
         <load_address>0x3f34f1</load_address>
         <run_address>0x3f34f1</run_address>
         <size>0xa</size>
         <input_file_ref idref="fl-24"/>
      </object_component>
      <object_component id="oc-1e2">
         <name>.text:_CLK_enableSciaClock</name>
         <load_address>0x3f34fb</load_address>
         <run_address>0x3f34fb</run_address>
         <size>0x9</size>
         <input_file_ref idref="fl-12"/>
      </object_component>
      <object_component id="oc-1f8">
         <name>.text:_SCI_putDataBlocking</name>
         <load_address>0x3f3504</load_address>
         <run_address>0x3f3504</run_address>
         <size>0x9</size>
         <input_file_ref idref="fl-c"/>
      </object_component>
      <object_component id="oc-1dc">
         <name>.text</name>
         <load_address>0x3f350d</load_address>
         <run_address>0x3f350d</run_address>
         <size>0x9</size>
         <input_file_ref idref="fl-29"/>
      </object_component>
      <object_component id="oc-10b">
         <name>.text</name>
         <load_address>0x3f3516</load_address>
         <run_address>0x3f3516</run_address>
         <size>0x9</size>
         <input_file_ref idref="fl-32"/>
      </object_component>
      <object_component id="oc-1a5">
         <name>.text:_ADC_init</name>
         <load_address>0x3f351f</load_address>
         <run_address>0x3f351f</run_address>
         <size>0x8</size>
         <input_file_ref idref="fl-13"/>
      </object_component>
      <object_component id="oc-1aa">
         <name>.text:_PIE_init</name>
         <load_address>0x3f3527</load_address>
         <run_address>0x3f3527</run_address>
         <size>0x8</size>
         <input_file_ref idref="fl-e"/>
      </object_component>
      <object_component id="oc-1ae">
         <name>.text:_WDOG_disable</name>
         <load_address>0x3f352f</load_address>
         <run_address>0x3f352f</run_address>
         <size>0x8</size>
         <input_file_ref idref="fl-a"/>
      </object_component>
      <object_component id="oc-1a3">
         <name>.text</name>
         <load_address>0x3f3537</load_address>
         <run_address>0x3f3537</run_address>
         <size>0x8</size>
         <input_file_ref idref="fl-48"/>
      </object_component>
      <object_component id="oc-1af">
         <name>.text:_CLK_enableAdcClock</name>
         <load_address>0x3f353f</load_address>
         <run_address>0x3f353f</run_address>
         <size>0x7</size>
         <input_file_ref idref="fl-12"/>
      </object_component>
      <object_component id="oc-1a6">
         <name>.text:_CLK_init</name>
         <load_address>0x3f3546</load_address>
         <run_address>0x3f3546</run_address>
         <size>0x7</size>
         <input_file_ref idref="fl-12"/>
      </object_component>
      <object_component id="oc-1b8">
         <name>.text:_CLK_setClkOutPreScaler</name>
         <load_address>0x3f354d</load_address>
         <run_address>0x3f354d</run_address>
         <size>0x7</size>
         <input_file_ref idref="fl-12"/>
      </object_component>
      <object_component id="oc-1b0">
         <name>.text:_CLK_setOscSrc</name>
         <load_address>0x3f3554</load_address>
         <run_address>0x3f3554</run_address>
         <size>0x7</size>
         <input_file_ref idref="fl-12"/>
      </object_component>
      <object_component id="oc-1a8">
         <name>.text:_FLASH_init</name>
         <load_address>0x3f355b</load_address>
         <run_address>0x3f355b</run_address>
         <size>0x7</size>
         <input_file_ref idref="fl-10"/>
      </object_component>
      <object_component id="oc-1a9">
         <name>.text:_GPIO_init</name>
         <load_address>0x3f3562</load_address>
         <run_address>0x3f3562</run_address>
         <size>0x7</size>
         <input_file_ref idref="fl-f"/>
      </object_component>
      <object_component id="oc-1ab">
         <name>.text:_PLL_init</name>
         <load_address>0x3f3569</load_address>
         <run_address>0x3f3569</run_address>
         <size>0x7</size>
         <input_file_ref idref="fl-d"/>
      </object_component>
      <object_component id="oc-1de">
         <name>.text:_PLL_setDivider</name>
         <load_address>0x3f3570</load_address>
         <run_address>0x3f3570</run_address>
         <size>0x7</size>
         <input_file_ref idref="fl-d"/>
      </object_component>
      <object_component id="oc-1ac">
         <name>.text:_SCI_init</name>
         <load_address>0x3f3577</load_address>
         <run_address>0x3f3577</run_address>
         <size>0x7</size>
         <input_file_ref idref="fl-c"/>
      </object_component>
      <object_component id="oc-1f2">
         <name>.text:_SCI_setRxFifoIntLevel</name>
         <load_address>0x3f357e</load_address>
         <run_address>0x3f357e</run_address>
         <size>0x7</size>
         <input_file_ref idref="fl-c"/>
      </object_component>
      <object_component id="oc-1ef">
         <name>.text:_SCI_setTxFifoIntLevel</name>
         <load_address>0x3f3585</load_address>
         <run_address>0x3f3585</run_address>
         <size>0x7</size>
         <input_file_ref idref="fl-c"/>
      </object_component>
      <object_component id="oc-1ad">
         <name>.text:_WDOG_init</name>
         <load_address>0x3f358c</load_address>
         <run_address>0x3f358c</run_address>
         <size>0x7</size>
         <input_file_ref idref="fl-a"/>
      </object_component>
      <object_component id="oc-1df">
         <name>.text:_PLL_setMultiplier</name>
         <load_address>0x3f3593</load_address>
         <run_address>0x3f3593</run_address>
         <size>0x6</size>
         <input_file_ref idref="fl-d"/>
      </object_component>
      <object_component id="oc-1ea">
         <name>.text:_SCI_setBaudRate</name>
         <load_address>0x3f3599</load_address>
         <run_address>0x3f3599</run_address>
         <size>0x6</size>
         <input_file_ref idref="fl-c"/>
      </object_component>
      <object_component id="oc-218">
         <name>.text:_ADCINT1_ISR</name>
         <load_address>0x3f359f</load_address>
         <run_address>0x3f359f</run_address>
         <size>0x5</size>
         <input_file_ref idref="fl-15"/>
      </object_component>
      <object_component id="oc-219">
         <name>.text:_ADCINT2_ISR</name>
         <load_address>0x3f35a4</load_address>
         <run_address>0x3f35a4</run_address>
         <size>0x5</size>
         <input_file_ref idref="fl-15"/>
      </object_component>
      <object_component id="oc-22d">
         <name>.text:_ADCINT3_ISR</name>
         <load_address>0x3f35a9</load_address>
         <run_address>0x3f35a9</run_address>
         <size>0x5</size>
         <input_file_ref idref="fl-15"/>
      </object_component>
      <object_component id="oc-22e">
         <name>.text:_ADCINT4_ISR</name>
         <load_address>0x3f35ae</load_address>
         <run_address>0x3f35ae</run_address>
         <size>0x5</size>
         <input_file_ref idref="fl-15"/>
      </object_component>
      <object_component id="oc-22f">
         <name>.text:_ADCINT5_ISR</name>
         <load_address>0x3f35b3</load_address>
         <run_address>0x3f35b3</run_address>
         <size>0x5</size>
         <input_file_ref idref="fl-15"/>
      </object_component>
      <object_component id="oc-230">
         <name>.text:_ADCINT6_ISR</name>
         <load_address>0x3f35b8</load_address>
         <run_address>0x3f35b8</run_address>
         <size>0x5</size>
         <input_file_ref idref="fl-15"/>
      </object_component>
      <object_component id="oc-231">
         <name>.text:_ADCINT7_ISR</name>
         <load_address>0x3f35bd</load_address>
         <run_address>0x3f35bd</run_address>
         <size>0x5</size>
         <input_file_ref idref="fl-15"/>
      </object_component>
      <object_component id="oc-232">
         <name>.text:_ADCINT8_ISR</name>
         <load_address>0x3f35c2</load_address>
         <run_address>0x3f35c2</run_address>
         <size>0x5</size>
         <input_file_ref idref="fl-15"/>
      </object_component>
      <object_component id="oc-21d">
         <name>.text:_ADCINT9_ISR</name>
         <load_address>0x3f35c7</load_address>
         <run_address>0x3f35c7</run_address>
         <size>0x5</size>
         <input_file_ref idref="fl-15"/>
      </object_component>
      <object_component id="oc-207">
         <name>.text:_DATALOG_ISR</name>
         <load_address>0x3f35cc</load_address>
         <run_address>0x3f35cc</run_address>
         <size>0x5</size>
         <input_file_ref idref="fl-15"/>
      </object_component>
      <object_component id="oc-226">
         <name>.text:_ECAP1_INT_ISR</name>
         <load_address>0x3f35d1</load_address>
         <run_address>0x3f35d1</run_address>
         <size>0x5</size>
         <input_file_ref idref="fl-15"/>
      </object_component>
      <object_component id="oc-209">
         <name>.text:_EMUINT_ISR</name>
         <load_address>0x3f35d6</load_address>
         <run_address>0x3f35d6</run_address>
         <size>0x5</size>
         <input_file_ref idref="fl-15"/>
      </object_component>
      <object_component id="oc-223">
         <name>.text:_EPWM1_INT_ISR</name>
         <load_address>0x3f35db</load_address>
         <run_address>0x3f35db</run_address>
         <size>0x5</size>
         <input_file_ref idref="fl-15"/>
      </object_component>
      <object_component id="oc-220">
         <name>.text:_EPWM1_TZINT_ISR</name>
         <load_address>0x3f35e0</load_address>
         <run_address>0x3f35e0</run_address>
         <size>0x5</size>
         <input_file_ref idref="fl-15"/>
      </object_component>
      <object_component id="oc-224">
         <name>.text:_EPWM2_INT_ISR</name>
         <load_address>0x3f35e5</load_address>
         <run_address>0x3f35e5</run_address>
         <size>0x5</size>
         <input_file_ref idref="fl-15"/>
      </object_component>
      <object_component id="oc-221">
         <name>.text:_EPWM2_TZINT_ISR</name>
         <load_address>0x3f35ea</load_address>
         <run_address>0x3f35ea</run_address>
         <size>0x5</size>
         <input_file_ref idref="fl-15"/>
      </object_component>
      <object_component id="oc-225">
         <name>.text:_EPWM3_INT_ISR</name>
         <load_address>0x3f35ef</load_address>
         <run_address>0x3f35ef</run_address>
         <size>0x5</size>
         <input_file_ref idref="fl-15"/>
      </object_component>
      <object_component id="oc-222">
         <name>.text:_EPWM3_TZINT_ISR</name>
         <load_address>0x3f35f4</load_address>
         <run_address>0x3f35f4</run_address>
         <size>0x5</size>
         <input_file_ref idref="fl-15"/>
      </object_component>
      <object_component id="oc-229">
         <name>.text:_I2CINT1A_ISR</name>
         <load_address>0x3f35f9</load_address>
         <run_address>0x3f35f9</run_address>
         <size>0x5</size>
         <input_file_ref idref="fl-15"/>
      </object_component>
      <object_component id="oc-22a">
         <name>.text:_I2CINT2A_ISR</name>
         <load_address>0x3f35fe</load_address>
         <run_address>0x3f35fe</run_address>
         <size>0x5</size>
         <input_file_ref idref="fl-15"/>
      </object_component>
      <object_component id="oc-20b">
         <name>.text:_ILLEGAL_ISR</name>
         <load_address>0x3f3603</load_address>
         <run_address>0x3f3603</run_address>
         <size>0x5</size>
         <input_file_ref idref="fl-15"/>
      </object_component>
      <object_component id="oc-205">
         <name>.text:_INT13_ISR</name>
         <load_address>0x3f3608</load_address>
         <run_address>0x3f3608</run_address>
         <size>0x5</size>
         <input_file_ref idref="fl-15"/>
      </object_component>
      <object_component id="oc-206">
         <name>.text:_INT14_ISR</name>
         <load_address>0x3f360d</load_address>
         <run_address>0x3f360d</run_address>
         <size>0x5</size>
         <input_file_ref idref="fl-15"/>
      </object_component>
      <object_component id="oc-20a">
         <name>.text:_NMI_ISR</name>
         <load_address>0x3f3612</load_address>
         <run_address>0x3f3612</run_address>
         <size>0x5</size>
         <input_file_ref idref="fl-15"/>
      </object_component>
      <object_component id="oc-204">
         <name>.text:_PIE_RESERVED</name>
         <load_address>0x3f3617</load_address>
         <run_address>0x3f3617</run_address>
         <size>0x5</size>
         <input_file_ref idref="fl-15"/>
      </object_component>
      <object_component id="oc-208">
         <name>.text:_RTOSINT_ISR</name>
         <load_address>0x3f361c</load_address>
         <run_address>0x3f361c</run_address>
         <size>0x5</size>
         <input_file_ref idref="fl-15"/>
      </object_component>
      <object_component id="oc-22b">
         <name>.text:_SCIRXINTA_ISR</name>
         <load_address>0x3f3621</load_address>
         <run_address>0x3f3621</run_address>
         <size>0x5</size>
         <input_file_ref idref="fl-15"/>
      </object_component>
      <object_component id="oc-22c">
         <name>.text:_SCITXINTA_ISR</name>
         <load_address>0x3f3626</load_address>
         <run_address>0x3f3626</run_address>
         <size>0x5</size>
         <input_file_ref idref="fl-15"/>
      </object_component>
      <object_component id="oc-227">
         <name>.text:_SPIRXINTA_ISR</name>
         <load_address>0x3f362b</load_address>
         <run_address>0x3f362b</run_address>
         <size>0x5</size>
         <input_file_ref idref="fl-15"/>
      </object_component>
      <object_component id="oc-228">
         <name>.text:_SPITXINTA_ISR</name>
         <load_address>0x3f3630</load_address>
         <run_address>0x3f3630</run_address>
         <size>0x5</size>
         <input_file_ref idref="fl-15"/>
      </object_component>
      <object_component id="oc-21e">
         <name>.text:_TINT0_ISR</name>
         <load_address>0x3f3635</load_address>
         <run_address>0x3f3635</run_address>
         <size>0x5</size>
         <input_file_ref idref="fl-15"/>
      </object_component>
      <object_component id="oc-215">
         <name>.text:_USER10_ISR</name>
         <load_address>0x3f363a</load_address>
         <run_address>0x3f363a</run_address>
         <size>0x5</size>
         <input_file_ref idref="fl-15"/>
      </object_component>
      <object_component id="oc-216">
         <name>.text:_USER11_ISR</name>
         <load_address>0x3f363f</load_address>
         <run_address>0x3f363f</run_address>
         <size>0x5</size>
         <input_file_ref idref="fl-15"/>
      </object_component>
      <object_component id="oc-217">
         <name>.text:_USER12_ISR</name>
         <load_address>0x3f3644</load_address>
         <run_address>0x3f3644</run_address>
         <size>0x5</size>
         <input_file_ref idref="fl-15"/>
      </object_component>
      <object_component id="oc-20c">
         <name>.text:_USER1_ISR</name>
         <load_address>0x3f3649</load_address>
         <run_address>0x3f3649</run_address>
         <size>0x5</size>
         <input_file_ref idref="fl-15"/>
      </object_component>
      <object_component id="oc-20d">
         <name>.text:_USER2_ISR</name>
         <load_address>0x3f364e</load_address>
         <run_address>0x3f364e</run_address>
         <size>0x5</size>
         <input_file_ref idref="fl-15"/>
      </object_component>
      <object_component id="oc-20e">
         <name>.text:_USER3_ISR</name>
         <load_address>0x3f3653</load_address>
         <run_address>0x3f3653</run_address>
         <size>0x5</size>
         <input_file_ref idref="fl-15"/>
      </object_component>
      <object_component id="oc-20f">
         <name>.text:_USER4_ISR</name>
         <load_address>0x3f3658</load_address>
         <run_address>0x3f3658</run_address>
         <size>0x5</size>
         <input_file_ref idref="fl-15"/>
      </object_component>
      <object_component id="oc-210">
         <name>.text:_USER5_ISR</name>
         <load_address>0x3f365d</load_address>
         <run_address>0x3f365d</run_address>
         <size>0x5</size>
         <input_file_ref idref="fl-15"/>
      </object_component>
      <object_component id="oc-211">
         <name>.text:_USER6_ISR</name>
         <load_address>0x3f3662</load_address>
         <run_address>0x3f3662</run_address>
         <size>0x5</size>
         <input_file_ref idref="fl-15"/>
      </object_component>
      <object_component id="oc-212">
         <name>.text:_USER7_ISR</name>
         <load_address>0x3f3667</load_address>
         <run_address>0x3f3667</run_address>
         <size>0x5</size>
         <input_file_ref idref="fl-15"/>
      </object_component>
      <object_component id="oc-213">
         <name>.text:_USER8_ISR</name>
         <load_address>0x3f366c</load_address>
         <run_address>0x3f366c</run_address>
         <size>0x5</size>
         <input_file_ref idref="fl-15"/>
      </object_component>
      <object_component id="oc-214">
         <name>.text:_USER9_ISR</name>
         <load_address>0x3f3671</load_address>
         <run_address>0x3f3671</run_address>
         <size>0x5</size>
         <input_file_ref idref="fl-15"/>
      </object_component>
      <object_component id="oc-21f">
         <name>.text:_WAKEINT_ISR</name>
         <load_address>0x3f3676</load_address>
         <run_address>0x3f3676</run_address>
         <size>0x5</size>
         <input_file_ref idref="fl-15"/>
      </object_component>
      <object_component id="oc-21b">
         <name>.text:_XINT1_ISR</name>
         <load_address>0x3f367b</load_address>
         <run_address>0x3f367b</run_address>
         <size>0x5</size>
         <input_file_ref idref="fl-15"/>
      </object_component>
      <object_component id="oc-21c">
         <name>.text:_XINT2_ISR</name>
         <load_address>0x3f3680</load_address>
         <run_address>0x3f3680</run_address>
         <size>0x5</size>
         <input_file_ref idref="fl-15"/>
      </object_component>
      <object_component id="oc-233">
         <name>.text:_XINT3_ISR</name>
         <load_address>0x3f3685</load_address>
         <run_address>0x3f3685</run_address>
         <size>0x5</size>
         <input_file_ref idref="fl-15"/>
      </object_component>
      <object_component id="oc-21a">
         <name>.text:_rsvd_ISR</name>
         <load_address>0x3f368a</load_address>
         <run_address>0x3f368a</run_address>
         <size>0x5</size>
         <input_file_ref idref="fl-15"/>
      </object_component>
      <object_component id="oc-1a4">
         <name>.text</name>
         <load_address>0x3f368f</load_address>
         <run_address>0x3f368f</run_address>
         <size>0x5</size>
         <input_file_ref idref="fl-47"/>
      </object_component>
      <object_component id="oc-1a7">
         <name>.text:_CPU_init</name>
         <load_address>0x3f3694</load_address>
         <run_address>0x3f3694</run_address>
         <size>0x4</size>
         <input_file_ref idref="fl-11"/>
      </object_component>
      <object_component id="oc-1f1">
         <name>.text:_SCI_clearRxFifoInt</name>
         <load_address>0x3f3698</load_address>
         <run_address>0x3f3698</run_address>
         <size>0x4</size>
         <input_file_ref idref="fl-c"/>
      </object_component>
      <object_component id="oc-1ed">
         <name>.text:_SCI_clearTxFifoInt</name>
         <load_address>0x3f369c</load_address>
         <run_address>0x3f369c</run_address>
         <size>0x4</size>
         <input_file_ref idref="fl-c"/>
      </object_component>
      <object_component id="oc-1eb">
         <name>.text:_SCI_enableFifoEnh</name>
         <load_address>0x3f36a0</load_address>
         <run_address>0x3f36a0</run_address>
         <size>0x4</size>
         <input_file_ref idref="fl-c"/>
      </object_component>
      <object_component id="oc-1e5">
         <name>.text:_SCI_setCharLength</name>
         <load_address>0x3f36a4</load_address>
         <run_address>0x3f36a4</run_address>
         <size>0x4</size>
         <input_file_ref idref="fl-c"/>
      </object_component>
      <object_component id="oc-1e4">
         <name>.text:_SCI_setNumStopBits</name>
         <load_address>0x3f36a8</load_address>
         <run_address>0x3f36a8</run_address>
         <size>0x4</size>
         <input_file_ref idref="fl-c"/>
      </object_component>
      <object_component id="oc-1b5">
         <name>.text:_CPU_clearIntFlags</name>
         <load_address>0x3f36ac</load_address>
         <run_address>0x3f36ac</run_address>
         <size>0x3</size>
         <input_file_ref idref="fl-11"/>
      </object_component>
      <object_component id="oc-1b4">
         <name>.text:_CPU_disableGlobalInts</name>
         <load_address>0x3f36af</load_address>
         <run_address>0x3f36af</run_address>
         <size>0x3</size>
         <input_file_ref idref="fl-11"/>
      </object_component>
      <object_component id="oc-1b2">
         <name>.text:_PIE_disable</name>
         <load_address>0x3f36b2</load_address>
         <run_address>0x3f36b2</run_address>
         <size>0x3</size>
         <input_file_ref idref="fl-e"/>
      </object_component>
      <object_component id="oc-1ba">
         <name>.text:_PIE_enable</name>
         <load_address>0x3f36b5</load_address>
         <run_address>0x3f36b5</run_address>
         <size>0x3</size>
         <input_file_ref idref="fl-e"/>
      </object_component>
      <object_component id="oc-1dd">
         <name>.text:_PLL_getClkStatus</name>
         <load_address>0x3f36b8</load_address>
         <run_address>0x3f36b8</run_address>
         <size>0x3</size>
         <input_file_ref idref="fl-d"/>
      </object_component>
      <object_component id="oc-1e0">
         <name>.text:_PLL_getLockStatus</name>
         <load_address>0x3f36bb</load_address>
         <run_address>0x3f36bb</run_address>
         <size>0x3</size>
         <input_file_ref idref="fl-d"/>
      </object_component>
      <object_component id="oc-1e3">
         <name>.text:_SCI_disableParity</name>
         <load_address>0x3f36be</load_address>
         <run_address>0x3f36be</run_address>
         <size>0x3</size>
         <input_file_ref idref="fl-c"/>
      </object_component>
      <object_component id="oc-1f4">
         <name>.text:_SCI_enable</name>
         <load_address>0x3f36c1</load_address>
         <run_address>0x3f36c1</run_address>
         <size>0x3</size>
         <input_file_ref idref="fl-c"/>
      </object_component>
      <object_component id="oc-1e7">
         <name>.text:_SCI_enableRx</name>
         <load_address>0x3f36c4</load_address>
         <run_address>0x3f36c4</run_address>
         <size>0x3</size>
         <input_file_ref idref="fl-c"/>
      </object_component>
      <object_component id="oc-1e9">
         <name>.text:_SCI_enableRxInt</name>
         <load_address>0x3f36c7</load_address>
         <run_address>0x3f36c7</run_address>
         <size>0x3</size>
         <input_file_ref idref="fl-c"/>
      </object_component>
      <object_component id="oc-1e6">
         <name>.text:_SCI_enableTx</name>
         <load_address>0x3f36ca</load_address>
         <run_address>0x3f36ca</run_address>
         <size>0x3</size>
         <input_file_ref idref="fl-c"/>
      </object_component>
      <object_component id="oc-1e8">
         <name>.text:_SCI_enableTxInt</name>
         <load_address>0x3f36cd</load_address>
         <run_address>0x3f36cd</run_address>
         <size>0x3</size>
         <input_file_ref idref="fl-c"/>
      </object_component>
      <object_component id="oc-1f3">
         <name>.text:_SCI_setPriority</name>
         <load_address>0x3f36d0</load_address>
         <run_address>0x3f36d0</run_address>
         <size>0x3</size>
         <input_file_ref idref="fl-c"/>
      </object_component>
      <object_component id="oc-235">
         <name>.text</name>
         <load_address>0x3f36d3</load_address>
         <run_address>0x3f36d3</run_address>
         <size>0x3</size>
         <input_file_ref idref="fl-44"/>
      </object_component>
      <object_component id="oc-1ce">
         <name>.text:_SCI_lseek</name>
         <load_address>0x3f36d6</load_address>
         <run_address>0x3f36d6</run_address>
         <size>0x2</size>
         <input_file_ref idref="fl-b"/>
      </object_component>
      <object_component id="oc-1d0">
         <name>.text:_SCI_rename</name>
         <load_address>0x3f36d8</load_address>
         <run_address>0x3f36d8</run_address>
         <size>0x2</size>
         <input_file_ref idref="fl-b"/>
      </object_component>
      <object_component id="oc-1cf">
         <name>.text:_SCI_unlink</name>
         <load_address>0x3f36da</load_address>
         <run_address>0x3f36da</run_address>
         <size>0x2</size>
         <input_file_ref idref="fl-b"/>
      </object_component>
      <object_component id="oc-197">
         <name>.text</name>
         <load_address>0x3f36dc</load_address>
         <run_address>0x3f36dc</run_address>
         <size>0x2</size>
         <input_file_ref idref="fl-1f"/>
      </object_component>
      <object_component id="oc-199">
         <name>.text</name>
         <load_address>0x3f36de</load_address>
         <run_address>0x3f36de</run_address>
         <size>0x1</size>
         <input_file_ref idref="fl-22"/>
      </object_component>
      <object_component id="oc-238">
         <name>.text</name>
         <load_address>0x3f710c</load_address>
         <run_address>0x3f710c</run_address>
         <size>0xb45</size>
         <input_file_ref idref="fl-2a"/>
      </object_component>
      <object_component id="oc-19d">
         <name>.text:_main</name>
         <load_address>0x3f7c51</load_address>
         <run_address>0x3f7c51</run_address>
         <size>0x279</size>
         <input_file_ref idref="fl-2"/>
      </object_component>
      <object_component id="oc-237">
         <name>.text</name>
         <load_address>0x3f7eca</load_address>
         <run_address>0x3f7eca</run_address>
         <size>0xa3</size>
         <input_file_ref idref="fl-37"/>
      </object_component>
      <object_component id="oc-1d5">
         <name>.text:_GPIO_setHigh</name>
         <load_address>0x3f7f6d</load_address>
         <run_address>0x3f7f6d</run_address>
         <size>0x13</size>
         <input_file_ref idref="fl-f"/>
      </object_component>
      <object_component id="oc-38">
         <name>codestart</name>
         <load_address>0x3f7ff6</load_address>
         <run_address>0x3f7ff6</run_address>
         <size>0x2</size>
         <input_file_ref idref="fl-14"/>
      </object_component>
      <object_component id="oc-1c6">
         <name>ramfuncs:_FLASH_setup</name>
         <load_address>0x3f70ec</load_address>
         <run_address>0x8000</run_address>
         <size>0xc</size>
         <input_file_ref idref="fl-10"/>
      </object_component>
      <object_component id="oc-1f5">
         <name>ramfuncs:_FLASH_enablePipelineMode</name>
         <load_address>0x3f70f8</load_address>
         <run_address>0x800c</run_address>
         <size>0x6</size>
         <input_file_ref idref="fl-10"/>
      </object_component>
      <object_component id="oc-1f7">
         <name>ramfuncs:_FLASH_setActiveWaitCount</name>
         <load_address>0x3f70fe</load_address>
         <run_address>0x8012</run_address>
         <size>0x5</size>
         <input_file_ref idref="fl-10"/>
      </object_component>
      <object_component id="oc-1f6">
         <name>ramfuncs:_FLASH_setStandbyWaitCount</name>
         <load_address>0x3f7103</load_address>
         <run_address>0x8017</run_address>
         <size>0x5</size>
         <input_file_ref idref="fl-10"/>
      </object_component>
      <object_component id="oc-6d">
         <name>ramfuncs</name>
         <load_address>0x3f7108</load_address>
         <run_address>0x801c</run_address>
         <size>0x4</size>
         <input_file_ref idref="fl-14"/>
      </object_component>
      <object_component id="oc-6e">
         <name>csmpasswds</name>
         <load_address>0x3f7ff8</load_address>
         <run_address>0x3f7ff8</run_address>
         <size>0x8</size>
         <input_file_ref idref="fl-14"/>
      </object_component>
      <object_component id="oc-6f">
         <name>csm_rsvd</name>
         <load_address>0x3f7f80</load_address>
         <run_address>0x3f7f80</run_address>
         <size>0x76</size>
         <input_file_ref idref="fl-14"/>
      </object_component>
      <object_component id="oc-78">
         <name>.stack</name>
         <uninitialized>true</uninitialized>
         <run_address>0x50</run_address>
         <size>0x0</size>
         <input_file_ref idref="fl-16"/>
      </object_component>
      <object_component id="oc-283">
         <name>.stack</name>
         <uninitialized>true</uninitialized>
         <run_address>0x50</run_address>
         <size>0x0</size>
      </object_component>
      <object_component id="oc-3b">
         <name>.ebss</name>
         <uninitialized>true</uninitialized>
         <run_address>0x8960</run_address>
         <size>0x10</size>
         <input_file_ref idref="fl-2"/>
      </object_component>
      <object_component id="oc-47">
         <name>.ebss</name>
         <uninitialized>true</uninitialized>
         <run_address>0x8a0e</run_address>
         <size>0x4</size>
         <input_file_ref idref="fl-b"/>
      </object_component>
      <object_component id="oc-60">
         <name>.ebss</name>
         <uninitialized>true</uninitialized>
         <run_address>0x8a16</run_address>
         <size>0x1</size>
         <input_file_ref idref="fl-11"/>
      </object_component>
      <object_component id="oc-8a">
         <name>.ebss</name>
         <uninitialized>true</uninitialized>
         <run_address>0x8800</run_address>
         <size>0x160</size>
         <input_file_ref idref="fl-19"/>
      </object_component>
      <object_component id="oc-8e">
         <name>.ebss</name>
         <uninitialized>true</uninitialized>
         <run_address>0x8a08</run_address>
         <size>0x6</size>
         <input_file_ref idref="fl-1a"/>
      </object_component>
      <object_component id="oc-95">
         <name>.ebss</name>
         <uninitialized>true</uninitialized>
         <run_address>0x8a18</run_address>
         <size>0x1</size>
         <input_file_ref idref="fl-1b"/>
      </object_component>
      <object_component id="oc-a1">
         <name>.ebss</name>
         <uninitialized>true</uninitialized>
         <run_address>0x8980</run_address>
         <size>0x88</size>
         <input_file_ref idref="fl-1d"/>
      </object_component>
      <object_component id="oc-cf">
         <name>.ebss</name>
         <uninitialized>true</uninitialized>
         <run_address>0x8978</run_address>
         <size>0x8</size>
         <input_file_ref idref="fl-26"/>
      </object_component>
      <object_component id="oc-1a1">
         <name>.ebss:__unlock</name>
         <uninitialized>true</uninitialized>
         <run_address>0x8a14</run_address>
         <size>0x2</size>
         <input_file_ref idref="fl-29"/>
      </object_component>
      <object_component id="oc-19e">
         <name>.ebss:__lock</name>
         <uninitialized>true</uninitialized>
         <run_address>0x8a12</run_address>
         <size>0x2</size>
         <input_file_ref idref="fl-29"/>
      </object_component>
      <object_component id="oc-15f">
         <name>.ebss</name>
         <uninitialized>true</uninitialized>
         <run_address>0x8970</run_address>
         <size>0x8</size>
         <input_file_ref idref="fl-42"/>
      </object_component>
      <object_component id="oc-186">
         <name>.ebss</name>
         <uninitialized>true</uninitialized>
         <run_address>0x8a17</run_address>
         <size>0x1</size>
         <input_file_ref idref="fl-49"/>
      </object_component>
      <object_component id="oc-15e">
         <name>.esysmem</name>
         <uninitialized>true</uninitialized>
         <run_address>0x8a1a</run_address>
         <size>0x1</size>
         <input_file_ref idref="fl-42"/>
      </object_component>
      <object_component id="oc-284">
         <name>.esysmem</name>
         <uninitialized>true</uninitialized>
         <run_address>0x8a1a</run_address>
         <size>0x0</size>
      </object_component>
      <object_component id="oc-d5">
         <name>.cio</name>
         <uninitialized>true</uninitialized>
         <run_address>0x400</run_address>
         <size>0x120</size>
         <input_file_ref idref="fl-27"/>
      </object_component>
      <object_component id="oc-1ff">
         <name>.econst:_ti_ascii</name>
         <load_address>0x3f6000</load_address>
         <run_address>0x3f6000</run_address>
         <size>0xe3d</size>
         <input_file_ref idref="fl-2"/>
      </object_component>
      <object_component id="oc-241">
         <name>.econst:.string:__ctypes_</name>
         <load_address>0x3f6e3d</load_address>
         <run_address>0x3f6e3d</run_address>
         <size>0x101</size>
         <input_file_ref idref="fl-2d"/>
      </object_component>
      <object_component id="oc-1e1">
         <name>.econst:_PIE_tableDebugInit</name>
         <load_address>0x3f6f3e</load_address>
         <run_address>0x3f6f3e</run_address>
         <size>0x100</size>
         <input_file_ref idref="fl-e"/>
      </object_component>
      <object_component id="oc-3c">
         <name>.econst:.string</name>
         <load_address>0x3f703e</load_address>
         <run_address>0x3f703e</run_address>
         <size>0x26</size>
         <input_file_ref idref="fl-2"/>
      </object_component>
      <object_component id="oc-e6">
         <name>.econst:.string</name>
         <load_address>0x3f7064</load_address>
         <run_address>0x3f7064</run_address>
         <size>0x26</size>
         <input_file_ref idref="fl-2a"/>
      </object_component>
      <object_component id="oc-e5">
         <name>.econst</name>
         <load_address>0x3f708a</load_address>
         <run_address>0x3f708a</run_address>
         <size>0x1c</size>
         <input_file_ref idref="fl-2a"/>
      </object_component>
      <object_component id="oc-175">
         <name>.econst</name>
         <load_address>0x3f70a6</load_address>
         <run_address>0x3f70a6</run_address>
         <size>0x1c</size>
         <input_file_ref idref="fl-46"/>
      </object_component>
      <object_component id="oc-202">
         <name>.econst:.string:_pucTempString</name>
         <load_address>0x3f70c2</load_address>
         <run_address>0x3f70c2</run_address>
         <size>0x15</size>
         <input_file_ref idref="fl-2"/>
      </object_component>
      <object_component id="oc-16f">
         <name>.econst</name>
         <load_address>0x3f70d8</load_address>
         <run_address>0x3f70d8</run_address>
         <size>0x8</size>
         <input_file_ref idref="fl-45"/>
      </object_component>
      <object_component id="oc-200">
         <name>.econst:.string:_escRed</name>
         <load_address>0x3f70e0</load_address>
         <run_address>0x3f70e0</run_address>
         <size>0x5</size>
         <input_file_ref idref="fl-2"/>
      </object_component>
      <object_component id="oc-201">
         <name>.econst:.string:_escWhite</name>
         <load_address>0x3f70e5</load_address>
         <run_address>0x3f70e5</run_address>
         <size>0x5</size>
         <input_file_ref idref="fl-2"/>
      </object_component>
      <object_component id="oc-125">
         <name>.econst:.string</name>
         <load_address>0x3f70ea</load_address>
         <run_address>0x3f70ea</run_address>
         <size>0x2</size>
         <input_file_ref idref="fl-37"/>
      </object_component>
      <object_component id="oc-79">
         <name>.reset</name>
         <load_address>0x3fffc0</load_address>
         <run_address>0x3fffc0</run_address>
         <size>0x2</size>
         <input_file_ref idref="fl-16"/>
      </object_component>
      <object_component id="oc-39">
         <name>.debug_info</name>
         <load_address>0x0</load_address>
         <run_address>0x0</run_address>
         <size>0x4c4e</size>
         <input_file_ref idref="fl-2"/>
      </object_component>
      <object_component id="oc-41">
         <name>.debug_info</name>
         <load_address>0x4c4e</load_address>
         <run_address>0x4c4e</run_address>
         <size>0x7f6</size>
         <input_file_ref idref="fl-a"/>
      </object_component>
      <object_component id="oc-45">
         <name>.debug_info</name>
         <load_address>0x5444</load_address>
         <run_address>0x5444</run_address>
         <size>0x105b</size>
         <input_file_ref idref="fl-b"/>
      </object_component>
      <object_component id="oc-4b">
         <name>.debug_info</name>
         <load_address>0x649f</load_address>
         <run_address>0x649f</run_address>
         <size>0x2147</size>
         <input_file_ref idref="fl-c"/>
      </object_component>
      <object_component id="oc-4f">
         <name>.debug_info</name>
         <load_address>0x85e6</load_address>
         <run_address>0x85e6</run_address>
         <size>0xed2</size>
         <input_file_ref idref="fl-d"/>
      </object_component>
      <object_component id="oc-53">
         <name>.debug_info</name>
         <load_address>0x94b8</load_address>
         <run_address>0x94b8</run_address>
         <size>0x2a80</size>
         <input_file_ref idref="fl-e"/>
      </object_component>
      <object_component id="oc-57">
         <name>.debug_info</name>
         <load_address>0xbf38</load_address>
         <run_address>0xbf38</run_address>
         <size>0x21d2</size>
         <input_file_ref idref="fl-f"/>
      </object_component>
      <object_component id="oc-5b">
         <name>.debug_info</name>
         <load_address>0xe10a</load_address>
         <run_address>0xe10a</run_address>
         <size>0x11f4</size>
         <input_file_ref idref="fl-10"/>
      </object_component>
      <object_component id="oc-5f">
         <name>.debug_info</name>
         <load_address>0xf2fe</load_address>
         <run_address>0xf2fe</run_address>
         <size>0x7f7</size>
         <input_file_ref idref="fl-11"/>
      </object_component>
      <object_component id="oc-64">
         <name>.debug_info</name>
         <load_address>0xfaf5</load_address>
         <run_address>0xfaf5</run_address>
         <size>0xfb8</size>
         <input_file_ref idref="fl-12"/>
      </object_component>
      <object_component id="oc-68">
         <name>.debug_info</name>
         <load_address>0x10aad</load_address>
         <run_address>0x10aad</run_address>
         <size>0x2a7a</size>
         <input_file_ref idref="fl-13"/>
      </object_component>
      <object_component id="oc-70">
         <name>.debug_info</name>
         <load_address>0x13527</load_address>
         <run_address>0x13527</run_address>
         <size>0x329</size>
         <input_file_ref idref="fl-14"/>
      </object_component>
      <object_component id="oc-73">
         <name>.debug_info</name>
         <load_address>0x13850</load_address>
         <run_address>0x13850</run_address>
         <size>0x5348</size>
         <input_file_ref idref="fl-15"/>
      </object_component>
      <object_component id="oc-7a">
         <name>.debug_info</name>
         <load_address>0x18b98</load_address>
         <run_address>0x18b98</run_address>
         <size>0x16c</size>
         <input_file_ref idref="fl-16"/>
      </object_component>
      <object_component id="oc-7e">
         <name>.debug_info</name>
         <load_address>0x18d04</load_address>
         <run_address>0x18d04</run_address>
         <size>0x576</size>
         <input_file_ref idref="fl-17"/>
      </object_component>
      <object_component id="oc-84">
         <name>.debug_info</name>
         <load_address>0x1927a</load_address>
         <run_address>0x1927a</run_address>
         <size>0x113</size>
         <input_file_ref idref="fl-18"/>
      </object_component>
      <object_component id="oc-88">
         <name>.debug_info</name>
[...]
      </symbol>
      <symbol id="sm-377">
         <name>_USER3_ISR</name>
         <value>0x3f3653</value>
         <object_component_ref idref="oc-20e"/>
      </symbol>
      <symbol id="sm-378">
         <name>_USER8_ISR</name>
         <value>0x3f366c</value>
         <object_component_ref idref="oc-213"/>
      </symbol>
      <symbol id="sm-379">
         <name>_EPWM1_INT_ISR</name>
         <value>0x3f35db</value>
         <object_component_ref idref="oc-223"/>
      </symbol>
      <symbol id="sm-37a">
         <name>_USER2_ISR</name>
         <value>0x3f364e</value>
         <object_component_ref idref="oc-20d"/>
      </symbol>
      <symbol id="sm-37b">
         <name>_SCITXINTA_ISR</name>
         <value>0x3f3626</value>
         <object_component_ref idref="oc-22c"/>
      </symbol>
      <symbol id="sm-37c">
         <name>_SCIRXINTA_ISR</name>
         <value>0x3f3621</value>
         <object_component_ref idref="oc-22b"/>
      </symbol>
      <symbol id="sm-37d">
         <name>_rsvd_ISR</name>
         <value>0x3f368a</value>
         <object_component_ref idref="oc-21a"/>
      </symbol>
      <symbol id="sm-398">
         <name>_c_int00</name>
         <value>0x3f2e68</value>
         <object_component_ref idref="oc-77"/>
      </symbol>
      <symbol id="sm-399">
         <name>__stack</name>
         <value>0x50</value>
         <object_component_ref idref="oc-78"/>
      </symbol>
      <symbol id="sm-3af">
         <name>_copy_in</name>
         <value>0x3f2f54</value>
         <object_component_ref idref="oc-198"/>
      </symbol>
      <symbol id="sm-3be">
         <name>_ppcopy</name>
         <value>0x3f3321</value>
         <object_component_ref idref="oc-83"/>
      </symbol>
      <symbol id="sm-3bf">
         <name>_dpcopy</name>
         <value>0x3f3321</value>
         <object_component_ref idref="oc-83"/>
      </symbol>
      <symbol id="sm-3c0">
         <name>_pdcopy</name>
         <value>0x3f3321</value>
         <object_component_ref idref="oc-83"/>
      </symbol>
      <symbol id="sm-3c1">
         <name>_ddcopy</name>
         <value>0x3f3321</value>
         <object_component_ref idref="oc-83"/>
      </symbol>
      <symbol id="sm-3cd">
         <name>___TI_ft_end</name>
         <value>0x8800</value>
         <object_component_ref idref="oc-8a"/>
      </symbol>
      <symbol id="sm-3ce">
         <name>___TI_tmpnams</name>
         <value>0x88c0</value>
         <object_component_ref idref="oc-8a"/>
      </symbol>
      <symbol id="sm-3cf">
         <name>__ftable</name>
         <value>0x8840</value>
         <object_component_ref idref="oc-8a"/>
      </symbol>
      <symbol id="sm-3e4">
         <name>C$$EXIT</name>
         <value>0x3f3151</value>
         <object_component_ref idref="oc-19b"/>
      </symbol>
      <symbol id="sm-3e5">
         <name>_exit</name>
         <value>0x3f3153</value>
         <object_component_ref idref="oc-19b"/>
      </symbol>
      <symbol id="sm-3e6">
         <name>___TI_cleanup_ptr</name>
         <value>0x8a0a</value>
         <object_component_ref idref="oc-8e"/>
      </symbol>
      <symbol id="sm-3e7">
         <name>___TI_enable_exit_profile_output</name>
         <value>0x8a08</value>
         <object_component_ref idref="oc-8e"/>
      </symbol>
      <symbol id="sm-3e8">
         <name>_abort</name>
         <value>0x3f3151</value>
         <object_component_ref idref="oc-19b"/>
      </symbol>
      <symbol id="sm-3e9">
         <name>___TI_dtors_ptr</name>
         <value>0x8a0c</value>
         <object_component_ref idref="oc-8e"/>
      </symbol>
      <symbol id="sm-41f">
         <name>_fopen</name>
         <value>0x3f27ed</value>
         <object_component_ref idref="oc-1d2"/>
      </symbol>
      <symbol id="sm-420">
         <name>___TI_cleanup</name>
         <value>0x3f27b2</value>
         <object_component_ref idref="oc-1d2"/>
      </symbol>
      <symbol id="sm-421">
         <name>_freopen</name>
         <value>0x3f27cf</value>
         <object_component_ref idref="oc-1d2"/>
      </symbol>
      <symbol id="sm-434">
         <name>_putchar</name>
         <value>0x3f2f06</value>
         <object_component_ref idref="oc-1fe"/>
      </symbol>
      <symbol id="sm-435">
         <name>_putc</name>
         <value>0x3f2ebc</value>
         <object_component_ref idref="oc-1fe"/>
      </symbol>
      <symbol id="sm-436">
         <name>_fputc</name>
         <value>0x3f2ebc</value>
         <object_component_ref idref="oc-1fe"/>
      </symbol>
      <symbol id="sm-471">
         <name>_add_device</name>
         <value>0x3f23fa</value>
         <object_component_ref idref="oc-1d1"/>
      </symbol>
      <symbol id="sm-472">
         <name>_rename</name>
         <value>0x3f22e3</value>
         <object_component_ref idref="oc-1d1"/>
      </symbol>
      <symbol id="sm-473">
         <name>_read</name>
         <value>0x3f2328</value>
         <object_component_ref idref="oc-1d1"/>
      </symbol>
      <symbol id="sm-474">
         <name>_unlink</name>
         <value>0x3f22ca</value>
         <object_component_ref idref="oc-1d1"/>
      </symbol>
      <symbol id="sm-475">
         <name>_remove_device</name>
         <value>0x3f230e</value>
         <object_component_ref idref="oc-1d1"/>
      </symbol>
      <symbol id="sm-476">
         <name>_open</name>
         <value>0x3f2340</value>
         <object_component_ref idref="oc-1d1"/>
      </symbol>
      <symbol id="sm-477">
         <name>_lseek</name>
         <value>0x3f23af</value>
         <object_component_ref idref="oc-1d1"/>
      </symbol>
      <symbol id="sm-478">
         <name>_close</name>
         <value>0x3f23c7</value>
         <object_component_ref idref="oc-1d1"/>
      </symbol>
      <symbol id="sm-479">
         <name>_write</name>
         <value>0x3f2264</value>
         <object_component_ref idref="oc-1d1"/>
      </symbol>
      <symbol id="sm-48b">
         <name>_memcpy</name>
         <value>0x3f3278</value>
         <object_component_ref idref="oc-1b6"/>
      </symbol>
      <symbol id="sm-498">
         <name>__system_pre_init</name>
         <value>0x3f36dc</value>
         <object_component_ref idref="oc-197"/>
      </symbol>
      <symbol id="sm-4a9">
         <name>_printf</name>
         <value>0x3f3045</value>
         <object_component_ref idref="oc-203"/>
      </symbol>
      <symbol id="sm-4c1">
         <name>_setvbuf</name>
         <value>0x3f2b2e</value>
         <object_component_ref idref="oc-1d3"/>
      </symbol>
      <symbol id="sm-4ce">
         <name>__system_post_cinit</name>
         <value>0x3f36de</value>
         <object_component_ref idref="oc-199"/>
      </symbol>
      <symbol id="sm-4de">
         <name>_strchr</name>
         <value>0x3f34c8</value>
         <object_component_ref idref="oc-1fa"/>
      </symbol>
      <symbol id="sm-4ed">
         <name>_strcmp</name>
         <value>0x3f34f1</value>
         <object_component_ref idref="oc-1f9"/>
      </symbol>
      <symbol id="sm-4fe">
         <name>_strncpy</name>
         <value>0x3f319e</value>
         <object_component_ref idref="oc-1fb"/>
      </symbol>
      <symbol id="sm-512">
         <name>_HOSTopen</name>
         <value>0x3f214c</value>
         <object_component_ref idref="oc-19c"/>
      </symbol>
      <symbol id="sm-513">
         <name>_HOSTread</name>
         <value>0x3f2114</value>
         <object_component_ref idref="oc-19c"/>
      </symbol>
      <symbol id="sm-514">
         <name>_HOSTgetenv</name>
         <value>0x3f21e1</value>
         <object_component_ref idref="oc-19c"/>
      </symbol>
      <symbol id="sm-515">
         <name>_HOSTtime</name>
         <value>0x3f20a1</value>
         <object_component_ref idref="oc-19c"/>
      </symbol>
      <symbol id="sm-516">
         <name>_HOSTtime64</name>
         <value>0x3f205d</value>
         <object_component_ref idref="oc-19c"/>
      </symbol>
      <symbol id="sm-517">
         <name>_HOSTrename</name>
         <value>0x3f20d5</value>
         <object_component_ref idref="oc-19c"/>
      </symbol>
      <symbol id="sm-518">
         <name>_HOSTclock</name>
         <value>0x3f2230</value>
         <object_component_ref idref="oc-19c"/>
      </symbol>
      <symbol id="sm-519">
         <name>_HOSTwrite</name>
         <value>0x3f2000</value>
         <object_component_ref idref="oc-19c"/>
      </symbol>
      <symbol id="sm-51a">
         <name>_HOSTlseek</name>
         <value>0x3f2185</value>
         <object_component_ref idref="oc-19c"/>
      </symbol>
      <symbol id="sm-51b">
         <name>_HOSTunlink</name>
         <value>0x3f2038</value>
         <object_component_ref idref="oc-19c"/>
      </symbol>
      <symbol id="sm-51c">
         <name>_HOSTclose</name>
         <value>0x3f2209</value>
         <object_component_ref idref="oc-19c"/>
      </symbol>
      <symbol id="sm-535">
         <name>___TI_readmsg</name>
         <value>0x3f29e4</value>
         <object_component_ref idref="oc-1a0"/>
      </symbol>
      <symbol id="sm-536">
         <name>C$$IO$$</name>
         <value>0x3f29df</value>
         <object_component_ref idref="oc-1a0"/>
      </symbol>
      <symbol id="sm-537">
         <name>__CIOBUF_</name>
         <value>0x400</value>
         <object_component_ref idref="oc-d5"/>
      </symbol>
      <symbol id="sm-538">
         <name>___TI_writemsg</name>
         <value>0x3f298c</value>
         <object_component_ref idref="oc-1a0"/>
      </symbol>
      <symbol id="sm-550">
         <name>___TI_rd_ok</name>
         <value>0x3f2cbc</value>
         <object_component_ref idref="oc-236"/>
      </symbol>
      <symbol id="sm-551">
         <name>___TI_wrt_ok</name>
         <value>0x3f2c81</value>
         <object_component_ref idref="oc-236"/>
      </symbol>
      <symbol id="sm-566">
         <name>__unlock</name>
         <value>0x8a14</value>
         <object_component_ref idref="oc-1a1"/>
      </symbol>
      <symbol id="sm-567">
         <name>__lock</name>
         <value>0x8a12</value>
         <object_component_ref idref="oc-19e"/>
      </symbol>
      <symbol id="sm-568">
         <name>__register_lock</name>
         <value>0x3f3511</value>
         <object_component_ref idref="oc-1dc"/>
      </symbol>
      <symbol id="sm-569">
         <name>__nop</name>
         <value>0x3f3515</value>
         <object_component_ref idref="oc-1dc"/>
      </symbol>
      <symbol id="sm-56a">
         <name>__register_unlock</name>
         <value>0x3f350d</value>
         <object_component_ref idref="oc-1dc"/>
      </symbol>
      <symbol id="sm-69c">
         <name>___TI_printfi</name>
         <value>0x3f7b3a</value>
         <object_component_ref idref="oc-238"/>
      </symbol>
      <symbol id="sm-6ac">
         <name>__args_main</name>
         <value>0x3f333b</value>
         <object_component_ref idref="oc-19a"/>
      </symbol>
      <symbol id="sm-6c1">
         <name>_atoi</name>
         <value>0x3f3073</value>
         <object_component_ref idref="oc-23b"/>
      </symbol>
      <symbol id="sm-6ca">
         <name>__ctypes_</name>
         <value>0x3f6e3d</value>
         <object_component_ref idref="oc-241"/>
      </symbol>
      <symbol id="sm-6dc">
         <name>___TI_closefile</name>
         <value>0x3f2e0d</value>
         <object_component_ref idref="oc-1fc"/>
      </symbol>
      <symbol id="sm-6dd">
         <name>_fclose</name>
         <value>0x3f2e4f</value>
         <object_component_ref idref="oc-1fc"/>
      </symbol>
      <symbol id="sm-6ed">
         <name>FD$$CMP</name>
         <value>0x3f30fd</value>
         <object_component_ref idref="oc-fc"/>
      </symbol>
      <symbol id="sm-704">
         <name>FD$$DIV</name>
         <value>0x3f2a20</value>
         <object_component_ref idref="oc-101"/>
      </symbol>
      <symbol id="sm-716">
         <name>FD$$MPY</name>
         <value>0x3f2aab</value>
         <object_component_ref idref="oc-106"/>
      </symbol>
      <symbol id="sm-723">
         <name>FD$$NEG</name>
         <value>0x3f3516</value>
         <object_component_ref idref="oc-10b"/>
      </symbol>
      <symbol id="sm-72f">
         <name>FD$$SUB</name>
         <value>0x3f345e</value>
         <object_component_ref idref="oc-110"/>
      </symbol>
      <symbol id="sm-73e">
         <name>FD$$TOI</name>
         <value>0x3f31c0</value>
         <object_component_ref idref="oc-115"/>
      </symbol>
      <symbol id="sm-74d">
         <name>FD$$TOL</name>
         <value>0x3f3201</value>
         <object_component_ref idref="oc-11a"/>
      </symbol>
      <symbol id="sm-763">
         <name>___TI_doflush</name>
         <value>0x3f2c16</value>
         <object_component_ref idref="oc-234"/>
      </symbol>
      <symbol id="sm-764">
         <name>_fflush</name>
         <value>0x3f2c45</value>
         <object_component_ref idref="oc-234"/>
      </symbol>
      <symbol id="sm-781">
         <name>_puts</name>
         <value>0x3f7f5a</value>
         <object_component_ref idref="oc-237"/>
      </symbol>
      <symbol id="sm-782">
         <name>_fputs</name>
         <value>0x3f7eca</value>
         <object_component_ref idref="oc-237"/>
      </symbol>
      <symbol id="sm-792">
         <name>FS$$TOFD</name>
         <value>0x3f32e9</value>
         <object_component_ref idref="oc-12a"/>
      </symbol>
      <symbol id="sm-7a3">
         <name>_fseek</name>
         <value>0x3f2f9a</value>
         <object_component_ref idref="oc-239"/>
      </symbol>
      <symbol id="sm-7b3">
         <name>I$$TOFD</name>
         <value>0x3f325b</value>
         <object_component_ref idref="oc-134"/>
      </symbol>
      <symbol id="sm-7c3">
         <name>L$$TOFD</name>
         <value>0x3f3305</value>
         <object_component_ref idref="oc-139"/>
      </symbol>
      <symbol id="sm-7cf">
         <name>LL$$AND</name>
         <value>0x3f336c</value>
         <object_component_ref idref="oc-13e"/>
      </symbol>
      <symbol id="sm-7d0">
         <name>LL$$OR</name>
         <value>0x3f3374</value>
         <object_component_ref idref="oc-13e"/>
      </symbol>
      <symbol id="sm-7d1">
         <name>LL$$XOR</name>
         <value>0x3f337c</value>
         <object_component_ref idref="oc-13e"/>
      </symbol>
      <symbol id="sm-7df">
         <name>ULL$$CMP</name>
         <value>0x3f3232</value>
         <object_component_ref idref="oc-143"/>
      </symbol>
      <symbol id="sm-7e0">
         <name>LL$$CMP</name>
         <value>0x3f3220</value>
         <object_component_ref idref="oc-143"/>
      </symbol>
      <symbol id="sm-80c">
         <name>ULL$$MOD</name>
         <value>0x3f26d8</value>
         <object_component_ref idref="oc-148"/>
      </symbol>
      <symbol id="sm-80d">
         <name>ULL$$DIV</name>
         <value>0x3f26a9</value>
         <object_component_ref idref="oc-148"/>
      </symbol>
      <symbol id="sm-80e">
         <name>LL$$MOD</name>
         <value>0x3f266f</value>
         <object_component_ref idref="oc-148"/>
      </symbol>
      <symbol id="sm-80f">
         <name>LL$$DIV</name>
         <value>0x3f2633</value>
         <object_component_ref idref="oc-148"/>
      </symbol>
      <symbol id="sm-81e">
         <name>_ltoa</name>
         <value>0x3f30a4</value>
         <object_component_ref idref="oc-23c"/>
      </symbol>
      <symbol id="sm-82e">
         <name>_memccpy</name>
         <value>0x3f346c</value>
         <object_component_ref idref="oc-240"/>
      </symbol>
      <symbol id="sm-83e">
         <name>_memchr</name>
         <value>0x3f342f</value>
         <object_component_ref idref="oc-23a"/>
      </symbol>
      <symbol id="sm-889">
         <name>__sys_memory</name>
         <value>0x8a1a</value>
         <object_component_ref idref="oc-15e"/>
      </symbol>
      <symbol id="sm-88a">
         <name>_chkheap</name>
         <value>0x3f261a</value>
         <object_component_ref idref="oc-1fd"/>
      </symbol>
      <symbol id="sm-88b">
         <name>_realloc</name>
         <value>0x3f252c</value>
         <object_component_ref idref="oc-1fd"/>
      </symbol>
      <symbol id="sm-88c">
         <name>_free_memory</name>
         <value>0x3f25ff</value>
         <object_component_ref idref="oc-1fd"/>
      </symbol>
      <symbol id="sm-88d">
         <name>_max_free</name>
         <value>0x3f25e0</value>
         <object_component_ref idref="oc-1fd"/>
      </symbol>
      <symbol id="sm-88e">
         <name>_free</name>
         <value>0x3f2466</value>
         <object_component_ref idref="oc-1fd"/>
      </symbol>
      <symbol id="sm-88f">
         <name>_calloc</name>
         <value>0x3f261c</value>
         <object_component_ref idref="oc-1fd"/>
      </symbol>
      <symbol id="sm-890">
         <name>_malloc</name>
         <value>0x3f24cf</value>
         <object_component_ref idref="oc-1fd"/>
      </symbol>
      <symbol id="sm-891">
         <name>_minit</name>
         <value>0x3f24ac</value>
         <object_component_ref idref="oc-1fd"/>
      </symbol>
      <symbol id="sm-8a0">
         <name>_memset</name>
         <value>0x3f3485</value>
         <object_component_ref idref="oc-23f"/>
      </symbol>
      <symbol id="sm-8ad">
         <name>_remove</name>
         <value>0x3f36d3</value>
         <object_component_ref idref="oc-235"/>
      </symbol>
      <symbol id="sm-8c1">
         <name>_frexpl</name>
         <value>0x3f2db1</value>
         <object_component_ref idref="oc-23d"/>
      </symbol>
      <symbol id="sm-8df">
         <name>_scalbnl</name>
         <value>0x3f2833</value>
         <object_component_ref idref="oc-23e"/>
      </symbol>
      <symbol id="sm-8e0">
         <name>_ldexpl</name>
         <value>0x3f2833</value>
         <object_component_ref idref="oc-23e"/>
      </symbol>
      <symbol id="sm-8ee">
         <name>_strcpy</name>
         <value>0x3f368f</value>
         <object_component_ref idref="oc-1a4"/>
      </symbol>
      <symbol id="sm-8fc">
         <name>_strlen</name>
         <value>0x3f3537</value>
         <object_component_ref idref="oc-1a3"/>
      </symbol>
      <symbol id="sm-907">
         <name>_errno</name>
         <value>0x8a17</value>
         <object_component_ref idref="oc-186"/>
      </symbol>
      <symbol id="sm-922">
         <name>FD$$ADD</name>
         <value>0x3f28f0</value>
         <object_component_ref idref="oc-188"/>
      </symbol>
      <symbol id="sm-92e">
         <name>UL$$MOD</name>
         <value>0x3f314b</value>
         <object_component_ref idref="oc-18d"/>
      </symbol>
      <symbol id="sm-92f">
         <name>L$$MOD</name>
         <value>0x3f3136</value>
         <object_component_ref idref="oc-18d"/>
      </symbol>
      <symbol id="sm-930">
         <name>L$$DIV</name>
         <value>0x3f3127</value>
         <object_component_ref idref="oc-18d"/>
      </symbol>
      <symbol id="sm-931">
         <name>UL$$DIV</name>
         <value>0x3f3144</value>
         <object_component_ref idref="oc-18d"/>
      </symbol>
      <symbol id="sm-93f">
         <name>_copysignl</name>
         <value>0x3f31e1</value>
         <object_component_ref idref="oc-242"/>
      </symbol>
   </symbol_table>
   <title>Link successful</title>
</link_info>
