******************************************************************************
             TMS320C2000 Linker PC v15.12.3                    
******************************************************************************
>> Linked Mon Mar 19 22:08:20 2018

OUTPUT FILE NAME:   <LogDemo.out>
ENTRY POINT SYMBOL: "_c_int00"  address: 003f6000


MEMORY CONFIGURATION

         name            origin    length      used     unused   attr    fill
----------------------  --------  ---------  --------  --------  ----  --------
PAGE 0:
  BOOT_RSVD             00000000   00000050  00000000  00000050  RWIX
  progRAM               00008000   00000800  00000000  00000800  RWIX
  OTP                   003d7800   00000400  00000000  00000400  RWIX
  FLASHD                003f0000   00002000  00000000  00002000  RWIX
  FLASHC                003f2000   00002000  00000000  00002000  RWIX
  FLASHA                003f6000   00001f80  0000017a  00001e06  RWIX
  CSM_RSVD              003f7f80   00000076  00000000  00000076  RWIX
  BEGIN                 003f7ff6   00000002  00000000  00000002  RWIX
  CSM_PWL               003f7ff8   00000008  00000000  00000008  RWIX
  IQTABLES              003fe000   00000b50  00000000  00000b50  RWIX
  IQTABLES2             003feb50   0000008c  00000000  0000008c  RWIX
  IQTABLES3             003febdc   000000aa  00000000  000000aa  RWIX
  BOOTROM               003ff27c   00000d44  00000000  00000d44  RWIX
  RESET                 003fffc0   00000002  00000000  00000002  RWIX
  VECTORS               003fffc2   0000003e  00000000  0000003e  RWIX

PAGE 1:
  RAMM0                 00000050   000003b0  00000300  000000b0  RWIX
  RAMM1                 00000400   00000400  00000000  00000400  RWIX
  dataRAM               00008800   00000800  000000ae  00000752  RWIX
  FLASHB                003f4000   00002000  00000000  00002000  RWIX


SECTION ALLOCATION MAP

 output                                  attributes/
section   page    origin      length       input sections
--------  ----  ----------  ----------   ----------------
ramfuncs   0    00008000    00000000     UNINITIALIZED

.text      0    003f6000    0000015c     
                  003f6000    00000056     rts2800_fpu32.lib : boot.obj (.text)
                  003f6056    00000046                       : cpy_tbl.obj (.text)
                  003f609c    00000036     main.obj (.text)
                  003f60d2    00000029     rts2800_fpu32.lib : exit.obj (.text)
                  003f60fb    00000022                       : i_div.obj (.text)
                  003f611d    0000001a                       : cpy_utils.obj (.text)
                  003f6137    00000019                       : args_main.obj (.text)
                  003f6150    00000009                       : _lock.obj (.text)
                  003f6159    00000002                       : pre_init.obj (.text)
                  003f615b    00000001                       : startup.obj (.text)

.cinit     0    003f615c    0000001e     
                  003f615c    0000000e     rts2800_fpu32.lib : exit.obj (.cinit)
                  003f616a    00000005                       : _lock.obj (.cinit:__lock)
                  003f616f    00000005                       : _lock.obj (.cinit:__unlock)
                  003f6174    00000004     main.obj (.cinit)
                  003f6178    00000002     --HOLE-- [fill = 0]

.pinit     0    003f6000    00000000     UNINITIALIZED

.stack     1    00000050    00000300     UNINITIALIZED
                  00000050    00000300     --HOLE--

.ebss      1    00008800    000000ae     UNINITIALIZED
                  00008800    000000a4     main.obj (.ebss)
                  000088a4    00000006     rts2800_fpu32.lib : exit.obj (.ebss)
                  000088aa    00000002                       : _lock.obj (.ebss:__lock)
                  000088ac    00000002                       : _lock.obj (.ebss:__unlock)

.reset     0    003fffc0    00000002     DSECT
                  003fffc0    00000002     rts2800_fpu32.lib : boot.obj (.reset)

vectors    0    003fffc2    00000000     DSECT

MODULE SUMMARY

       Module          code   ro data   rw data
       ------          ----   -------   -------
    .\
       main.obj        54     0         168    
    +--+---------------+------+---------+---------+
       Total:          54     0         168    
                                               
    E:\ti\ccsv6\tools\compiler\c2000_15.12.3.LTS\lib\rts2800_fpu32.lib
       boot.obj        86     0         0      
       cpy_tbl.obj     70     0         0      
       exit.obj        41     0         20     
       i_div.obj       34     0         0      
       cpy_utils.obj   26     0         0      
       args_main.obj   25     0         0      
       _lock.obj       9      0         14     
       pre_init.obj    2      0         0      
       startup.obj     1      0         0      
    +--+---------------+------+---------+---------+
       Total:          294    0         34     
                                               
       Stack:          0      0         768    
    +--+---------------+------+---------+---------+
       Grand Total:    348    0         970    


GLOBAL DATA SYMBOLS: SORTED BY DATA PAGE

address     data page           name
--------    ----------------    ----
00000050       1 (00000040)     __stack

00008840     221 (00008840)     _ABC

000088a4     222 (00008880)     ___TI_enable_exit_profile_output
000088a6     222 (00008880)     ___TI_cleanup_ptr
000088a8     222 (00008880)     ___TI_dtors_ptr
000088aa     222 (00008880)     __lock
000088ac     222 (00008880)     __unlock


GLOBAL SYMBOLS: SORTED ALPHABETICALLY BY Name 

page  address   name                            
----  -------   ----                            
0     003f6000  .text                           
0     003f60d2  C$$EXIT                         
0     003f60fb  I$$DIV                          
0     003f610c  I$$MOD                          
1     00008840  _ABC                            
0     00008000  _RamfuncsLoadEnd                
0     00008000  _RamfuncsLoadStart              
0     00008000  _RamfuncsRunStart               
1     00000350  __STACK_END                     
abs   00000300  __STACK_SIZE                    
1     000088a6  ___TI_cleanup_ptr               
1     000088a8  ___TI_dtors_ptr                 
1     000088a4  ___TI_enable_exit_profile_output
abs   ffffffff  ___TI_pprof_out_hndl            
abs   ffffffff  ___TI_prof_data_size            
abs   ffffffff  ___TI_prof_data_start           
abs   ffffffff  ___binit__                      
abs   ffffffff  ___c_args__                     
0     003f615c  ___cinit__                      
0     003f615c  ___etext__                      
abs   ffffffff  ___pinit__                      
0     003f6000  ___text__                       
0     003f6137  __args_main                     
1     000088aa  __lock                          
0     003f6158  __nop                           
0     003f6154  __register_lock                 
0     003f6150  __register_unlock               
1     00000050  __stack                         
0     003f615b  __system_post_cinit             
0     003f6159  __system_pre_init               
1     000088ac  __unlock                        
0     003f60d2  _abort                          
0     003f6000  _c_int00                        
0     003f6056  _copy_in                        
0     003f611d  _ddcopy                         
0     003f611d  _dpcopy                         
0     003f60d4  _exit                           
0     003f609c  _initArray                      
0     003f60cd  _main                           
0     003f611d  _pdcopy                         
0     003f611d  _ppcopy                         
0     003f60b0  _shiftArray                     
abs   ffffffff  binit                           
0     003f615c  cinit                           
0     003f615c  etext                           
abs   ffffffff  pinit                           


GLOBAL SYMBOLS: SORTED BY Symbol Address 

page  address   name                            
----  -------   ----                            
0     00008000  _RamfuncsLoadEnd                
0     00008000  _RamfuncsLoadStart              
0     00008000  _RamfuncsRunStart               
0     003f6000  .text                           
0     003f6000  ___text__                       
0     003f6000  _c_int00                        
0     003f6056  _copy_in                        
0     003f609c  _initArray                      
0     003f60b0  _shiftArray                     
0     003f60cd  _main                           
0     003f60d2  C$$EXIT                         
0     003f60d2  _abort                          
0     003f60d4  _exit                           
0     003f60fb  I$$DIV                          
0     003f610c  I$$MOD                          
0     003f611d  _ddcopy                         
0     003f611d  _dpcopy                         
0     003f611d  _pdcopy                         
0     003f611d  _ppcopy                         
0     003f6137  __args_main                     
0     003f6150  __register_unlock               
0     003f6154  __register_lock                 
0     003f6158  __nop                           
0     003f6159  __system_pre_init               
0     003f615b  __system_post_cinit             
0     003f615c  ___cinit__                      
0     003f615c  ___etext__                      
0     003f615c  cinit                           
0     003f615c  etext                           
1     00000050  __stack                         
1     00000350  __STACK_END                     
1     00008840  _ABC                            
1     000088a4  ___TI_enable_exit_profile_output
1     000088a6  ___TI_cleanup_ptr               
1     000088a8  ___TI_dtors_ptr                 
1     000088aa  __lock                          
1     000088ac  __unlock                        
abs   00000300  __STACK_SIZE                    
abs   ffffffff  ___TI_pprof_out_hndl            
abs   ffffffff  ___TI_prof_data_size            
abs   ffffffff  ___TI_prof_data_start           
abs   ffffffff  ___binit__                      
abs   ffffffff  ___c_args__                     
abs   ffffffff  ___pinit__                      
abs   ffffffff  binit                           
abs   ffffffff  pinit                           

[46 symbols]
